Archive member included to satisfy reference by file (symbol)

/Users/Qianqian/Applications/SystemWorkbench.app/Contents/Eclipse/plugins/fr.ac6.mcu.externaltools.arm-none.macos64_1.16.0.201807130628/tools/compiler/bin/../lib/gcc/arm-none-eabi/7.2.1/../../../../arm-none-eabi/lib/thumb/v7e-m/fpv5/hard/libc_nano.a(lib_a-exit.o)
                              /Users/Qianqian/Applications/SystemWorkbench.app/Contents/Eclipse/plugins/fr.ac6.mcu.externaltools.arm-none.macos64_1.16.0.201807130628/tools/compiler/bin/../lib/gcc/arm-none-eabi/7.2.1/../../../../arm-none-eabi/lib/thumb/v7e-m/fpv5/hard/crt0.o (exit)
/Users/Qianqian/Applications/SystemWorkbench.app/Contents/Eclipse/plugins/fr.ac6.mcu.externaltools.arm-none.macos64_1.16.0.201807130628/tools/compiler/bin/../lib/gcc/arm-none-eabi/7.2.1/../../../../arm-none-eabi/lib/thumb/v7e-m/fpv5/hard/libc_nano.a(lib_a-fflush.o)
                              src/task1.o (fflush)
/Users/Qianqian/Applications/SystemWorkbench.app/Contents/Eclipse/plugins/fr.ac6.mcu.externaltools.arm-none.macos64_1.16.0.201807130628/tools/compiler/bin/../lib/gcc/arm-none-eabi/7.2.1/../../../../arm-none-eabi/lib/thumb/v7e-m/fpv5/hard/libc_nano.a(lib_a-findfp.o)
                              /Users/Qianqian/Applications/SystemWorkbench.app/Contents/Eclipse/plugins/fr.ac6.mcu.externaltools.arm-none.macos64_1.16.0.201807130628/tools/compiler/bin/../lib/gcc/arm-none-eabi/7.2.1/../../../../arm-none-eabi/lib/thumb/v7e-m/fpv5/hard/libc_nano.a(lib_a-fflush.o) (__sinit)
/Users/Qianqian/Applications/SystemWorkbench.app/Contents/Eclipse/plugins/fr.ac6.mcu.externaltools.arm-none.macos64_1.16.0.201807130628/tools/compiler/bin/../lib/gcc/arm-none-eabi/7.2.1/../../../../arm-none-eabi/lib/thumb/v7e-m/fpv5/hard/libc_nano.a(lib_a-fwalk.o)
                              /Users/Qianqian/Applications/SystemWorkbench.app/Contents/Eclipse/plugins/fr.ac6.mcu.externaltools.arm-none.macos64_1.16.0.201807130628/tools/compiler/bin/../lib/gcc/arm-none-eabi/7.2.1/../../../../arm-none-eabi/lib/thumb/v7e-m/fpv5/hard/libc_nano.a(lib_a-findfp.o) (_fwalk)
/Users/Qianqian/Applications/SystemWorkbench.app/Contents/Eclipse/plugins/fr.ac6.mcu.externaltools.arm-none.macos64_1.16.0.201807130628/tools/compiler/bin/../lib/gcc/arm-none-eabi/7.2.1/../../../../arm-none-eabi/lib/thumb/v7e-m/fpv5/hard/libc_nano.a(lib_a-impure.o)
                              /Users/Qianqian/Applications/SystemWorkbench.app/Contents/Eclipse/plugins/fr.ac6.mcu.externaltools.arm-none.macos64_1.16.0.201807130628/tools/compiler/bin/../lib/gcc/arm-none-eabi/7.2.1/../../../../arm-none-eabi/lib/thumb/v7e-m/fpv5/hard/libc_nano.a(lib_a-exit.o) (_global_impure_ptr)
/Users/Qianqian/Applications/SystemWorkbench.app/Contents/Eclipse/plugins/fr.ac6.mcu.externaltools.arm-none.macos64_1.16.0.201807130628/tools/compiler/bin/../lib/gcc/arm-none-eabi/7.2.1/../../../../arm-none-eabi/lib/thumb/v7e-m/fpv5/hard/libc_nano.a(lib_a-init.o)
                              /Users/Qianqian/Applications/SystemWorkbench.app/Contents/Eclipse/plugins/fr.ac6.mcu.externaltools.arm-none.macos64_1.16.0.201807130628/tools/compiler/bin/../lib/gcc/arm-none-eabi/7.2.1/../../../../arm-none-eabi/lib/thumb/v7e-m/fpv5/hard/crt0.o (__libc_init_array)
/Users/Qianqian/Applications/SystemWorkbench.app/Contents/Eclipse/plugins/fr.ac6.mcu.externaltools.arm-none.macos64_1.16.0.201807130628/tools/compiler/bin/../lib/gcc/arm-none-eabi/7.2.1/../../../../arm-none-eabi/lib/thumb/v7e-m/fpv5/hard/libc_nano.a(lib_a-memset.o)
                              /Users/Qianqian/Applications/SystemWorkbench.app/Contents/Eclipse/plugins/fr.ac6.mcu.externaltools.arm-none.macos64_1.16.0.201807130628/tools/compiler/bin/../lib/gcc/arm-none-eabi/7.2.1/../../../../arm-none-eabi/lib/thumb/v7e-m/fpv5/hard/crt0.o (memset)
/Users/Qianqian/Applications/SystemWorkbench.app/Contents/Eclipse/plugins/fr.ac6.mcu.externaltools.arm-none.macos64_1.16.0.201807130628/tools/compiler/bin/../lib/gcc/arm-none-eabi/7.2.1/../../../../arm-none-eabi/lib/thumb/v7e-m/fpv5/hard/libc_nano.a(lib_a-nano-freer.o)
                              /Users/Qianqian/Applications/SystemWorkbench.app/Contents/Eclipse/plugins/fr.ac6.mcu.externaltools.arm-none.macos64_1.16.0.201807130628/tools/compiler/bin/../lib/gcc/arm-none-eabi/7.2.1/../../../../arm-none-eabi/lib/thumb/v7e-m/fpv5/hard/libc_nano.a(lib_a-fflush.o) (_free_r)
/Users/Qianqian/Applications/SystemWorkbench.app/Contents/Eclipse/plugins/fr.ac6.mcu.externaltools.arm-none.macos64_1.16.0.201807130628/tools/compiler/bin/../lib/gcc/arm-none-eabi/7.2.1/../../../../arm-none-eabi/lib/thumb/v7e-m/fpv5/hard/libc_nano.a(lib_a-nano-mallocr.o)
                              /Users/Qianqian/Applications/SystemWorkbench.app/Contents/Eclipse/plugins/fr.ac6.mcu.externaltools.arm-none.macos64_1.16.0.201807130628/tools/compiler/bin/../lib/gcc/arm-none-eabi/7.2.1/../../../../arm-none-eabi/lib/thumb/v7e-m/fpv5/hard/libc_nano.a(lib_a-findfp.o) (_malloc_r)
[...]
Memory Configuration

Name             Origin             Length             Attributes
RAM              0x0000000020000000 0x0000000000080000 xrw
ROM              0x0000000008000000 0x0000000000200000 xr
*default*        0x0000000000000000 0xffffffffffffffff

Linker script and memory map

LOAD /Users/Qianqian/Applications/SystemWorkbench.app/Contents/Eclipse/plugins/fr.ac6.mcu.externaltools.arm-none.macos64_1.16.0.201807130628/tools/compiler/bin/../lib/gcc/arm-none-eabi/7.2.1/thumb/v7e-m/fpv5/hard/crti.o
LOAD /Users/Qianqian/Applications/SystemWorkbench.app/Contents/Eclipse/plugins/fr.ac6.mcu.externaltools.arm-none.macos64_1.16.0.201807130628/tools/compiler/bin/../lib/gcc/arm-none-eabi/7.2.1/thumb/v7e-m/fpv5/hard/crtbegin.o
LOAD /Users/Qianqian/Applications/SystemWorkbench.app/Contents/Eclipse/plugins/fr.ac6.mcu.externaltools.arm-none.macos64_1.16.0.201807130628/tools/compiler/bin/../lib/gcc/arm-none-eabi/7.2.1/../../../../arm-none-eabi/lib/thumb/v7e-m/fpv5/hard/crt0.o
LOAD src/Lab02_intrpt.o
LOAD src/init.o
LOAD src/task1.o
LOAD src/task1_hal.o
LOAD src/task1_register.o
LOAD src/task2.o
LOAD src/task3.o
LOAD src/task4.o
LOAD src/uart.o
LOAD startup/startup_stm32f769xx.o
LOAD stm32lib/Drivers/CMSIS/Device/ST/STM32F7xx/Source/Templates/system_stm32f7xx.o
LOAD stm32lib/Drivers/STM32F7xx_HAL_Driver/Src/stm32f7xx_hal.o
LOAD stm32lib/Drivers/STM32F7xx_HAL_Driver/Src/stm32f7xx_hal_cortex.o
LOAD stm32lib/Drivers/STM32F7xx_HAL_Driver/Src/stm32f7xx_hal_gpio.o
LOAD stm32lib/Drivers/STM32F7xx_HAL_Driver/Src/stm32f7xx_hal_pwr.o
LOAD stm32lib/Drivers/STM32F7xx_HAL_Driver/Src/stm32f7xx_hal_pwr_ex.o
LOAD stm32lib/Drivers/STM32F7xx_HAL_Driver/Src/stm32f7xx_hal_rcc.o
LOAD stm32lib/Drivers/STM32F7xx_HAL_Driver/Src/stm32f7xx_hal_rcc_ex.o
LOAD stm32lib/Drivers/STM32F7xx_HAL_Driver/Src/stm32f7xx_hal_tim.o
LOAD stm32lib/Drivers/STM32F7xx_HAL_Driver/Src/stm32f7xx_hal_tim2.o
LOAD stm32lib/Drivers/STM32F7xx_HAL_Driver/Src/stm32f7xx_hal_uart.o
LOAD /Users/Qianqian/Applications/SystemWorkbench.app/Contents/Eclipse/plugins/fr.ac6.mcu.externaltools.arm-none.macos64_1.16.0.201807130628/tools/compiler/bin/../lib/gcc/arm-none-eabi/7.2.1/../../../../arm-none-eabi/lib/thumb/v7e-m/fpv5/hard/libm.a
START GROUP
LOAD /Users/Qianqian/Applications/SystemWorkbench.app/Contents/Eclipse/plugins/fr.ac6.mcu.externaltools.arm-none.macos64_1.16.0.201807130628/tools/compiler/bin/../lib/gcc/arm-none-eabi/7.2.1/thumb/v7e-m/fpv5/hard/libgcc.a
LOAD /Users/Qianqian/Applications/SystemWorkbench.app/Contents/Eclipse/plugins/fr.ac6.mcu.externaltools.arm-none.macos64_1.16.0.201807130628/tools/compiler/bin/../lib/gcc/arm-none-eabi/7.2.1/../../../../arm-none-eabi/lib/thumb/v7e-m/fpv5/hard/libc_nano.a
END GROUP
START GROUP
LOAD /Users/Qianqian/Applications/SystemWorkbench.app/Contents/Eclipse/plugins/fr.ac6.mcu.externaltools.arm-none.macos64_1.16.0.201807130628/tools/compiler/bin/../lib/gcc/arm-none-eabi/7.2.1/thumb/v7e-m/fpv5/hard/libgcc.a
LOAD /Users/Qianqian/Applications/SystemWorkbench.app/Contents/Eclipse/plugins/fr.ac6.mcu.externaltools.arm-none.macos64_1.16.0.201807130628/tools/compiler/bin/../lib/gcc/arm-none-eabi/7.2.1/../../../../arm-none-eabi/lib/thumb/v7e-m/fpv5/hard/libc_nano.a
LOAD /Users/Qianqian/Applications/SystemWorkbench.app/Contents/Eclipse/plugins/fr.ac6.mcu.externaltools.arm-none.macos64_1.16.0.201807130628/tools/compiler/bin/../lib/gcc/arm-none-eabi/7.2.1/../../../../arm-none-eabi/lib/thumb/v7e-m/fpv5/hard/libnosys.a
END GROUP
START GROUP
LOAD /Users/Qianqian/Applications/SystemWorkbench.app/Contents/Eclipse/plugins/fr.ac6.mcu.externaltools.arm-none.macos64_1.16.0.201807130628/tools/compiler/bin/../lib/gcc/arm-none-eabi/7.2.1/thumb/v7e-m/fpv5/hard/libgcc.a
LOAD /Users/Qianqian/Applications/SystemWorkbench.app/Contents/Eclipse/plugins/fr.ac6.mcu.externaltools.arm-none.macos64_1.16.0.201807130628/tools/compiler/bin/../lib/gcc/arm-none-eabi/7.2.1/../../../../arm-none-eabi/lib/thumb/v7e-m/fpv5/hard/libc_nano.a
LOAD /Users/Qianqian/Applications/SystemWorkbench.app/Contents/Eclipse/plugins/fr.ac6.mcu.externaltools.arm-none.macos64_1.16.0.201807130628/tools/compiler/bin/../lib/gcc/arm-none-eabi/7.2.1/../../../../arm-none-eabi/lib/thumb/v7e-m/fpv5/hard/libnosys.a
END GROUP
LOAD /Users/Qianqian/Applications/SystemWorkbench.app/Contents/Eclipse/plugins/fr.ac6.mcu.externaltools.arm-none.macos64_1.16.0.201807130628/tools/compiler/bin/../lib/gcc/arm-none-eabi/7.2.1/thumb/v7e-m/fpv5/hard/crtend.o
LOAD /Users/Qianqian/Applications/SystemWorkbench.app/Contents/Eclipse/plugins/fr.ac6.mcu.externaltools.arm-none.macos64_1.16.0.201807130628/tools/compiler/bin/../lib/gcc/arm-none-eabi/7.2.1/thumb/v7e-m/fpv5/hard/crtn.o
                0x0000000020080000                _estack = 0x20080000
                0x0000000000000000                _Min_Heap_Size = 0x0
                0x0000000000000400                _Min_Stack_Size = 0x400

.isr_vector     0x0000000008000000      0x1f8
                0x0000000008000000                . = ALIGN (0x4)
 *(.isr_vector)
 .isr_vector    0x0000000008000000      0x1f8 startup/startup_stm32f769xx.o
                0x0000000008000000                g_pfnVectors
                0x00000000080001f8                . = ALIGN (0x4)

.text           0x0000000008000200     0x2814
                0x0000000008000200                . = ALIGN (0x4)
 *(.text)
 .text          0x0000000008000200       0x40 /Users/Qianqian/Applications/SystemWorkbench.app/Contents/Eclipse/plugins/fr.ac6.mcu.externaltools.arm-none.macos64_1.16.0.201807130628/tools/compiler/bin/../lib/gcc/arm-none-eabi/7.2.1/thumb/v7e-m/fpv5/hard/crtbegin.o
 .text          0x0000000008000240       0xa0 /Users/Qianqian/Applications/SystemWorkbench.app/Contents/Eclipse/plugins/fr.ac6.mcu.externaltools.arm-none.macos64_1.16.0.201807130628/tools/compiler/bin/../lib/gcc/arm-none-eabi/7.2.1/../../../../arm-none-eabi/lib/thumb/v7e-m/fpv5/hard/libc_nano.a(lib_a-memchr.o)
                0x0000000008000240                memchr
 *(.text*)
 .text.SystemClock_Config
                0x00000000080002e0       0x68 src/init.o
                0x00000000080002e0                SystemClock_Config
 .text.CPU_CACHE_Enable
                0x0000000008000348       0x78 src/init.o
                0x0000000008000348                CPU_CACHE_Enable
 .text.Sys_Init
                0x00000000080003c0       0x24 src/init.o
                0x00000000080003c0                Sys_Init
 .text.SysTick_Handler
                0x00000000080003e4        0x8 src/init.o
                0x00000000080003e4                SysTick_Handler
 .text.Init_GPIO
                0x00000000080003ec       0xac src/task1.o
                0x00000000080003ec                Init_GPIO
 .text.main     0x0000000008000498      0x10c src/task1.o
                0x0000000008000498                main
 .text.EXTI0_IRQHandler
                0x00000000080005a4       0x2c src/task1.o
                0x00000000080005a4                EXTI0_IRQHandler
 .text.EXTI9_5_IRQHandler
                0x00000000080005d0        0xc src/task1.o
                0x00000000080005d0                EXTI9_5_IRQHandler
 .text.HAL_GPIO_EXTI_Callback
                0x00000000080005dc       0x40 src/task1.o
                0x00000000080005dc                HAL_GPIO_EXTI_Callback
 .text.TIM6_DAC_IRQHandler
                0x000000000800061c       0x1c src/task2.o
                0x000000000800061c                TIM6_DAC_IRQHandler
 .text.TIM7_IRQHandler
                0x0000000008000638       0x10 src/task3.o
                0x0000000008000638                TIM7_IRQHandler
 .text.HAL_TIM_PeriodElapsedCallback
                0x0000000008000648       0x28 src/task3.o
                0x0000000008000648                HAL_TIM_PeriodElapsedCallback
 .text.HAL_TIMEx_BreakCallback
                0x0000000008000670        0x2 src/task3.o
                0x0000000008000670                HAL_TIMEx_BreakCallback
 .text.HAL_TIMEx_CommutationCallback
                0x0000000008000672        0x2 src/task3.o
                0x0000000008000672                HAL_TIMEx_CommutationCallback
 .text.HAL_UART_MspInit
                0x0000000008000674       0xd4 src/uart.o
                0x0000000008000674                HAL_UART_MspInit
 .text.initUart
                0x0000000008000748       0x1a src/uart.o
                0x0000000008000748                initUart
 *fill*         0x0000000008000762        0x2 
 .text._write   0x0000000008000764       0x18 src/uart.o
                0x0000000008000764                _write
 .text._read    0x000000000800077c       0x1c src/uart.o
                0x000000000800077c                _read
 .text.Reset_Handler
                0x0000000008000798       0x50 startup/startup_stm32f769xx.o
                0x0000000008000798                Reset_Handler
 .text.Default_Handler
                0x00000000080007e8        0x2 startup/startup_stm32f769xx.o
                0x00000000080007e8                DMA1_Stream3_IRQHandler
                0x00000000080007e8                EXTI2_IRQHandler
                0x00000000080007e8                TIM8_CC_IRQHandler
                0x00000000080007e8                DebugMon_Handler
                0x00000000080007e8                UART8_IRQHandler
                0x00000000080007e8                SPI4_IRQHandler
                0x00000000080007e8                TIM1_CC_IRQHandler
                0x00000000080007e8                DMA2_Stream5_IRQHandler
                0x00000000080007e8                HardFault_Handler
                0x00000000080007e8                JPEG_IRQHandler
                0x00000000080007e8                DMA1_Stream5_IRQHandler
                0x00000000080007e8                CAN3_RX1_IRQHandler
                0x00000000080007e8                PVD_IRQHandler
                0x00000000080007e8                TAMP_STAMP_IRQHandler
                0x00000000080007e8                PendSV_Handler
                0x00000000080007e8                NMI_Handler
                0x00000000080007e8                CAN2_RX1_IRQHandler
                0x00000000080007e8                EXTI3_IRQHandler
                0x00000000080007e8                TIM8_TRG_COM_TIM14_IRQHandler
                0x00000000080007e8                DFSDM1_FLT1_IRQHandler
                0x00000000080007e8                TIM1_UP_TIM10_IRQHandler
                0x00000000080007e8                TIM8_UP_TIM13_IRQHandler
                0x00000000080007e8                I2C3_ER_IRQHandler
                0x00000000080007e8                DFSDM1_FLT2_IRQHandler
                0x00000000080007e8                I2C2_EV_IRQHandler
                0x00000000080007e8                DMA1_Stream2_IRQHandler
                0x00000000080007e8                CAN1_RX0_IRQHandler
                0x00000000080007e8                FPU_IRQHandler
                0x00000000080007e8                OTG_HS_WKUP_IRQHandler
                0x00000000080007e8                CAN3_SCE_IRQHandler
                0x00000000080007e8                UsageFault_Handler
                0x00000000080007e8                LTDC_ER_IRQHandler
                0x00000000080007e8                CAN2_SCE_IRQHandler
                0x00000000080007e8                DMA2_Stream2_IRQHandler
                0x00000000080007e8                SPI1_IRQHandler
                0x00000000080007e8                TIM1_BRK_TIM9_IRQHandler
                0x00000000080007e8                DCMI_IRQHandler
                0x00000000080007e8                CAN2_RX0_IRQHandler
                0x00000000080007e8                DMA2_Stream3_IRQHandler
                0x00000000080007e8                SAI2_IRQHandler
                0x00000000080007e8                DFSDM1_FLT3_IRQHandler
                0x00000000080007e8                USART6_IRQHandler
                0x00000000080007e8                CAN3_RX0_IRQHandler
                0x00000000080007e8                USART3_IRQHandler
                0x00000000080007e8                CAN1_RX1_IRQHandler
                0x00000000080007e8                UART5_IRQHandler
                0x00000000080007e8                DMA2_Stream0_IRQHandler
                0x00000000080007e8                TIM4_IRQHandler
                0x00000000080007e8                QUADSPI_IRQHandler
                0x00000000080007e8                I2C1_EV_IRQHandler
                0x00000000080007e8                DMA1_Stream6_IRQHandler
                0x00000000080007e8                DMA1_Stream1_IRQHandler
                0x00000000080007e8                UART4_IRQHandler
                0x00000000080007e8                TIM3_IRQHandler
                0x00000000080007e8                RCC_IRQHandler
                0x00000000080007e8                TIM8_BRK_TIM12_IRQHandler
                0x00000000080007e8                Default_Handler
                0x00000000080007e8                CEC_IRQHandler
                0x00000000080007e8                EXTI15_10_IRQHandler
                0x00000000080007e8                ADC_IRQHandler
                0x00000000080007e8                DMA1_Stream7_IRQHandler
                0x00000000080007e8                SPI5_IRQHandler
                0x00000000080007e8                SDMMC1_IRQHandler
                0x00000000080007e8                CAN2_TX_IRQHandler
                0x00000000080007e8                TIM5_IRQHandler
                0x00000000080007e8                DMA2_Stream7_IRQHandler
                0x00000000080007e8                I2C3_EV_IRQHandler
                0x00000000080007e8                RTC_WKUP_IRQHandler
                0x00000000080007e8                LTDC_IRQHandler
                0x00000000080007e8                ETH_WKUP_IRQHandler
                0x00000000080007e8                SPDIF_RX_IRQHandler
                0x00000000080007e8                SPI2_IRQHandler
                0x00000000080007e8                OTG_HS_EP1_IN_IRQHandler
                0x00000000080007e8                MemManage_Handler
                0x00000000080007e8                DMA1_Stream0_IRQHandler
                0x00000000080007e8                CAN1_TX_IRQHandler
                0x00000000080007e8                SVC_Handler
                0x00000000080007e8                EXTI4_IRQHandler
                0x00000000080007e8                RNG_IRQHandler
                0x00000000080007e8                DSI_IRQHandler
                0x00000000080007e8                ETH_IRQHandler
                0x00000000080007e8                OTG_HS_EP1_OUT_IRQHandler
                0x00000000080007e8                WWDG_IRQHandler
                0x00000000080007e8                SPI6_IRQHandler
                0x00000000080007e8                MDIOS_IRQHandler
                0x00000000080007e8                I2C4_EV_IRQHandler
                0x00000000080007e8                CAN3_TX_IRQHandler
                0x00000000080007e8                TIM2_IRQHandler
                0x00000000080007e8                OTG_FS_WKUP_IRQHandler
                0x00000000080007e8                TIM1_TRG_COM_TIM11_IRQHandler
                0x00000000080007e8                OTG_HS_IRQHandler
                0x00000000080007e8                DMA2D_IRQHandler
                0x00000000080007e8                EXTI1_IRQHandler
                0x00000000080007e8                SDMMC2_IRQHandler
                0x00000000080007e8                UART7_IRQHandler
                0x00000000080007e8                USART2_IRQHandler
                0x00000000080007e8                DFSDM1_FLT0_IRQHandler
                0x00000000080007e8                I2C2_ER_IRQHandler
                0x00000000080007e8                DMA2_Stream1_IRQHandler
                0x00000000080007e8                CAN1_SCE_IRQHandler
                0x00000000080007e8                FLASH_IRQHandler
                0x00000000080007e8                DMA2_Stream4_IRQHandler
                0x00000000080007e8                BusFault_Handler
                0x00000000080007e8                USART1_IRQHandler
                0x00000000080007e8                OTG_FS_IRQHandler
                0x00000000080007e8                SPI3_IRQHandler
                0x00000000080007e8                DMA1_Stream4_IRQHandler
                0x00000000080007e8                I2C1_ER_IRQHandler
                0x00000000080007e8                FMC_IRQHandler
                0x00000000080007e8                LPTIM1_IRQHandler
                0x00000000080007e8                I2C4_ER_IRQHandler
                0x00000000080007e8                DMA2_Stream6_IRQHandler
                0x00000000080007e8                SAI1_IRQHandler
                0x00000000080007e8                RTC_Alarm_IRQHandler
 *fill*         0x00000000080007ea        0x2 
 .text.SystemInit
                0x00000000080007ec       0x50 stm32lib/Drivers/CMSIS/Device/ST/STM32F7xx/Source/Templates/system_stm32f7xx.o
                0x00000000080007ec                SystemInit
 .text.HAL_MspInit
                0x000000000800083c        0x2 stm32lib/Drivers/STM32F7xx_HAL_Driver/Src/stm32f7xx_hal.o
                0x000000000800083c                HAL_MspInit
 *fill*         0x000000000800083e        0x2 
 .text.HAL_InitTick
                0x0000000008000840       0x2c stm32lib/Drivers/STM32F7xx_HAL_Driver/Src/stm32f7xx_hal.o
                0x0000000008000840                HAL_InitTick
 .text.HAL_Init
                0x000000000800086c       0x24 stm32lib/Drivers/STM32F7xx_HAL_Driver/Src/stm32f7xx_hal.o
                0x000000000800086c                HAL_Init
 .text.HAL_IncTick
                0x0000000008000890       0x10 stm32lib/Drivers/STM32F7xx_HAL_Driver/Src/stm32f7xx_hal.o
                0x0000000008000890                HAL_IncTick
 .text.HAL_GetTick
                0x00000000080008a0        0xc stm32lib/Drivers/STM32F7xx_HAL_Driver/Src/stm32f7xx_hal.o
                0x00000000080008a0                HAL_GetTick
 .text.HAL_Delay
                0x00000000080008ac       0x1c stm32lib/Drivers/STM32F7xx_HAL_Driver/Src/stm32f7xx_hal.o
                0x00000000080008ac                HAL_Delay
 .text.HAL_NVIC_SetPriorityGrouping
                0x00000000080008c8       0x24 stm32lib/Drivers/STM32F7xx_HAL_Driver/Src/stm32f7xx_hal_cortex.o
                0x00000000080008c8                HAL_NVIC_SetPriorityGrouping
 .text.HAL_NVIC_SetPriority
                0x00000000080008ec       0x64 stm32lib/Drivers/STM32F7xx_HAL_Driver/Src/stm32f7xx_hal_cortex.o
                0x00000000080008ec                HAL_NVIC_SetPriority
 .text.HAL_NVIC_EnableIRQ
                0x0000000008000950       0x18 stm32lib/Drivers/STM32F7xx_HAL_Driver/Src/stm32f7xx_hal_cortex.o
                0x0000000008000950                HAL_NVIC_EnableIRQ
 .text.HAL_SYSTICK_Config
                0x0000000008000968       0x2c stm32lib/Drivers/STM32F7xx_HAL_Driver/Src/stm32f7xx_hal_cortex.o
                0x0000000008000968                HAL_SYSTICK_Config
 .text.HAL_GPIO_Init
                0x0000000008000994      0x1e0 stm32lib/Drivers/STM32F7xx_HAL_Driver/Src/stm32f7xx_hal_gpio.o
                0x0000000008000994                HAL_GPIO_Init
 .text.HAL_GPIO_EXTI_IRQHandler
                0x0000000008000b74       0x1c stm32lib/Drivers/STM32F7xx_HAL_Driver/Src/stm32f7xx_hal_gpio.o
                0x0000000008000b74                HAL_GPIO_EXTI_IRQHandler
 .text.HAL_PWREx_EnableOverDrive
                0x0000000008000b90       0x7c stm32lib/Drivers/STM32F7xx_HAL_Driver/Src/stm32f7xx_hal_pwr_ex.o
                0x0000000008000b90                HAL_PWREx_EnableOverDrive
 .text.HAL_RCC_OscConfig
                0x0000000008000c0c      0x41c stm32lib/Drivers/STM32F7xx_HAL_Driver/Src/stm32f7xx_hal_rcc.o
                0x0000000008000c0c                HAL_RCC_OscConfig
 .text.HAL_RCC_GetSysClockFreq
                0x0000000008001028       0x94 stm32lib/Drivers/STM32F7xx_HAL_Driver/Src/stm32f7xx_hal_rcc.o
                0x0000000008001028                HAL_RCC_GetSysClockFreq
 .text.HAL_RCC_ClockConfig
                0x00000000080010bc      0x184 stm32lib/Drivers/STM32F7xx_HAL_Driver/Src/stm32f7xx_hal_rcc.o
                0x00000000080010bc                HAL_RCC_ClockConfig
 .text.HAL_RCC_GetHCLKFreq
                0x0000000008001240        0xc stm32lib/Drivers/STM32F7xx_HAL_Driver/Src/stm32f7xx_hal_rcc.o
                0x0000000008001240                HAL_RCC_GetHCLKFreq
 .text.HAL_RCC_GetPCLK1Freq
                0x000000000800124c       0x2c stm32lib/Drivers/STM32F7xx_HAL_Driver/Src/stm32f7xx_hal_rcc.o
                0x000000000800124c                HAL_RCC_GetPCLK1Freq
 .text.HAL_RCC_GetPCLK2Freq
                0x0000000008001278       0x2c stm32lib/Drivers/STM32F7xx_HAL_Driver/Src/stm32f7xx_hal_rcc.o
                0x0000000008001278                HAL_RCC_GetPCLK2Freq
 .text.HAL_TIM_OC_DelayElapsedCallback
                0x00000000080012a4        0x2 stm32lib/Drivers/STM32F7xx_HAL_Driver/Src/stm32f7xx_hal_tim.o
                0x00000000080012a4                HAL_TIM_OC_DelayElapsedCallback
 .text.HAL_TIM_IC_CaptureCallback
                0x00000000080012a6        0x2 stm32lib/Drivers/STM32F7xx_HAL_Driver/Src/stm32f7xx_hal_tim.o
                0x00000000080012a6                HAL_TIM_IC_CaptureCallback
 .text.HAL_TIM_PWM_PulseFinishedCallback
                0x00000000080012a8        0x2 stm32lib/Drivers/STM32F7xx_HAL_Driver/Src/stm32f7xx_hal_tim.o
                0x00000000080012a8                HAL_TIM_PWM_PulseFinishedCallback
 .text.HAL_TIM_TriggerCallback
                0x00000000080012aa        0x2 stm32lib/Drivers/STM32F7xx_HAL_Driver/Src/stm32f7xx_hal_tim.o
                0x00000000080012aa                HAL_TIM_TriggerCallback
 .text.HAL_TIM_IRQHandler
                0x00000000080012ac      0x19a stm32lib/Drivers/STM32F7xx_HAL_Driver/Src/stm32f7xx_hal_tim.o
                0x00000000080012ac                HAL_TIM_IRQHandler
 .text.UART_WaitOnFlagUntilTimeout
                0x0000000008001446       0x62 stm32lib/Drivers/STM32F7xx_HAL_Driver/Src/stm32f7xx_hal_uart.o
                0x0000000008001446                UART_WaitOnFlagUntilTimeout
 .text.HAL_UART_Transmit
                0x00000000080014a8       0xd2 stm32lib/Drivers/STM32F7xx_HAL_Driver/Src/stm32f7xx_hal_uart.o
                0x00000000080014a8                HAL_UART_Transmit
 .text.HAL_UART_Receive
                0x000000000800157a      0x112 stm32lib/Drivers/STM32F7xx_HAL_Driver/Src/stm32f7xx_hal_uart.o
                0x000000000800157a                HAL_UART_Receive
 .text.UART_SetConfig
                0x000000000800168c      0x35c stm32lib/Drivers/STM32F7xx_HAL_Driver/Src/stm32f7xx_hal_uart.o
                0x000000000800168c                UART_SetConfig
 .text.UART_AdvFeatureConfig
                0x00000000080019e8       0xca stm32lib/Drivers/STM32F7xx_HAL_Driver/Src/stm32f7xx_hal_uart.o
                0x00000000080019e8                UART_AdvFeatureConfig
 .text.UART_CheckIdleState
                0x0000000008001ab2       0x48 stm32lib/Drivers/STM32F7xx_HAL_Driver/Src/stm32f7xx_hal_uart.o
                0x0000000008001ab2                UART_CheckIdleState
 .text.HAL_UART_Init
                0x0000000008001afa       0x66 stm32lib/Drivers/STM32F7xx_HAL_Driver/Src/stm32f7xx_hal_uart.o
                0x0000000008001afa                HAL_UART_Init
 .text.__sflush_r
                0x0000000008001b60      0x10c /Users/Qianqian/Applications/SystemWorkbench.app/Contents/Eclipse/plugins/fr.ac6.mcu.externaltools.arm-none.macos64_1.16.0.201807130628/tools/compiler/bin/../lib/gcc/arm-none-eabi/7.2.1/../../../../arm-none-eabi/lib/thumb/v7e-m/fpv5/hard/libc_nano.a(lib_a-fflush.o)
                0x0000000008001b60                __sflush_r
 .text._fflush_r
                0x0000000008001c6c       0x54 /Users/Qianqian/Applications/SystemWorkbench.app/Contents/Eclipse/plugins/fr.ac6.mcu.externaltools.arm-none.macos64_1.16.0.201807130628/tools/compiler/bin/../lib/gcc/arm-none-eabi/7.2.1/../../../../arm-none-eabi/lib/thumb/v7e-m/fpv5/hard/libc_nano.a(lib_a-fflush.o)
                0x0000000008001c6c                _fflush_r
 .text.fflush   0x0000000008001cc0       0x24 /Users/Qianqian/Applications/SystemWorkbench.app/Contents/Eclipse/plugins/fr.ac6.mcu.externaltools.arm-none.macos64_1.16.0.201807130628/tools/compiler/bin/../lib/gcc/arm-none-eabi/7.2.1/../../../../arm-none-eabi/lib/thumb/v7e-m/fpv5/hard/libc_nano.a(lib_a-fflush.o)
                0x0000000008001cc0                fflush
 .text.std      0x0000000008001ce4       0x48 /Users/Qianqian/Applications/SystemWorkbench.app/Contents/Eclipse/plugins/fr.ac6.mcu.externaltools.arm-none.macos64_1.16.0.201807130628/tools/compiler/bin/../lib/gcc/arm-none-eabi/7.2.1/../../../../arm-none-eabi/lib/thumb/v7e-m/fpv5/hard/libc_nano.a(lib_a-findfp.o)
 .text._cleanup_r
                0x0000000008001d2c        0xc /Users/Qianqian/Applications/SystemWorkbench.app/Contents/Eclipse/plugins/fr.ac6.mcu.externaltools.arm-none.macos64_1.16.0.201807130628/tools/compiler/bin/../lib/gcc/arm-none-eabi/7.2.1/../../../../arm-none-eabi/lib/thumb/v7e-m/fpv5/hard/libc_nano.a(lib_a-findfp.o)
                0x0000000008001d2c                _cleanup_r
 .text.__sfmoreglue
                0x0000000008001d38       0x2c /Users/Qianqian/Applications/SystemWorkbench.app/Contents/Eclipse/plugins/fr.ac6.mcu.externaltools.arm-none.macos64_1.16.0.201807130628/tools/compiler/bin/../lib/gcc/arm-none-eabi/7.2.1/../../../../arm-none-eabi/lib/thumb/v7e-m/fpv5/hard/libc_nano.a(lib_a-findfp.o)
                0x0000000008001d38                __sfmoreglue
 .text.__sinit  0x0000000008001d64       0x60 /Users/Qianqian/Applications/SystemWorkbench.app/Contents/Eclipse/plugins/fr.ac6.mcu.externaltools.arm-none.macos64_1.16.0.201807130628/tools/compiler/bin/../lib/gcc/arm-none-eabi/7.2.1/../../../../arm-none-eabi/lib/thumb/v7e-m/fpv5/hard/libc_nano.a(lib_a-findfp.o)
                0x0000000008001d64                __sinit
 .text.__sfp    0x0000000008001dc4       0x78 /Users/Qianqian/Applications/SystemWorkbench.app/Contents/Eclipse/plugins/fr.ac6.mcu.externaltools.arm-none.macos64_1.16.0.201807130628/tools/compiler/bin/../lib/gcc/arm-none-eabi/7.2.1/../../../../arm-none-eabi/lib/thumb/v7e-m/fpv5/hard/libc_nano.a(lib_a-findfp.o)
                0x0000000008001dc4                __sfp
 .text._fwalk_reent
                0x0000000008001e3c       0x3c /Users/Qianqian/Applications/SystemWorkbench.app/Contents/Eclipse/plugins/fr.ac6.mcu.externaltools.arm-none.macos64_1.16.0.201807130628/tools/compiler/bin/../lib/gcc/arm-none-eabi/7.2.1/../../../../arm-none-eabi/lib/thumb/v7e-m/fpv5/hard/libc_nano.a(lib_a-fwalk.o)
                0x0000000008001e3c                _fwalk_reent
 .text.__libc_init_array
                0x0000000008001e78       0x48 /Users/Qianqian/Applications/SystemWorkbench.app/Contents/Eclipse/plugins/fr.ac6.mcu.externaltools.arm-none.macos64_1.16.0.201807130628/tools/compiler/bin/../lib/gcc/arm-none-eabi/7.2.1/../../../../arm-none-eabi/lib/thumb/v7e-m/fpv5/hard/libc_nano.a(lib_a-init.o)
                0x0000000008001e78                __libc_init_array
 .text.memset   0x0000000008001ec0       0x10 /Users/Qianqian/Applications/SystemWorkbench.app/Contents/Eclipse/plugins/fr.ac6.mcu.externaltools.arm-none.macos64_1.16.0.201807130628/tools/compiler/bin/../lib/gcc/arm-none-eabi/7.2.1/../../../../arm-none-eabi/lib/thumb/v7e-m/fpv5/hard/libc_nano.a(lib_a-memset.o)
                0x0000000008001ec0                memset
 .text._free_r  0x0000000008001ed0       0x9c /Users/Qianqian/Applications/SystemWorkbench.app/Contents/Eclipse/plugins/fr.ac6.mcu.externaltools.arm-none.macos64_1.16.0.201807130628/tools/compiler/bin/../lib/gcc/arm-none-eabi/7.2.1/../../../../arm-none-eabi/lib/thumb/v7e-m/fpv5/hard/libc_nano.a(lib_a-nano-freer.o)
                0x0000000008001ed0                _free_r
 .text._malloc_r
                0x0000000008001f6c       0xb4 /Users/Qianqian/Applications/SystemWorkbench.app/Contents/Eclipse/plugins/fr.ac6.mcu.externaltools.arm-none.macos64_1.16.0.201807130628/tools/compiler/bin/../lib/gcc/arm-none-eabi/7.2.1/../../../../arm-none-eabi/lib/thumb/v7e-m/fpv5/hard/libc_nano.a(lib_a-nano-mallocr.o)
                0x0000000008001f6c                _malloc_r
 .text.printf   0x0000000008002020       0x30 /Users/Qianqian/Applications/SystemWorkbench.app/Contents/Eclipse/plugins/fr.ac6.mcu.externaltools.arm-none.macos64_1.16.0.201807130628/tools/compiler/bin/../lib/gcc/arm-none-eabi/7.2.1/../../../../arm-none-eabi/lib/thumb/v7e-m/fpv5/hard/libc_nano.a(lib_a-printf.o)
                0x0000000008002020                printf
                0x0000000008002020                iprintf
 .text._sbrk_r  0x0000000008002050       0x20 /Users/Qianqian/Applications/SystemWorkbench.app/Contents/Eclipse/plugins/fr.ac6.mcu.externaltools.arm-none.macos64_1.16.0.201807130628/tools/compiler/bin/../lib/gcc/arm-none-eabi/7.2.1/../../../../arm-none-eabi/lib/thumb/v7e-m/fpv5/hard/libc_nano.a(lib_a-sbrkr.o)
                0x0000000008002050                _sbrk_r
 .text.__sread  0x0000000008002070       0x22 /Users/Qianqian/Applications/SystemWorkbench.app/Contents/Eclipse/plugins/fr.ac6.mcu.externaltools.arm-none.macos64_1.16.0.201807130628/tools/compiler/bin/../lib/gcc/arm-none-eabi/7.2.1/../../../../arm-none-eabi/lib/thumb/v7e-m/fpv5/hard/libc_nano.a(lib_a-stdio.o)
                0x0000000008002070                __sread
 .text.__swrite
                0x0000000008002092       0x38 /Users/Qianqian/Applications/SystemWorkbench.app/Contents/Eclipse/plugins/fr.ac6.mcu.externaltools.arm-none.macos64_1.16.0.201807130628/tools/compiler/bin/../lib/gcc/arm-none-eabi/7.2.1/../../../../arm-none-eabi/lib/thumb/v7e-m/fpv5/hard/libc_nano.a(lib_a-stdio.o)
                0x0000000008002092                __swrite
 .text.__sseek  0x00000000080020ca       0x24 /Users/Qianqian/Applications/SystemWorkbench.app/Contents/Eclipse/plugins/fr.ac6.mcu.externaltools.arm-none.macos64_1.16.0.201807130628/tools/compiler/bin/../lib/gcc/arm-none-eabi/7.2.1/../../../../arm-none-eabi/lib/thumb/v7e-m/fpv5/hard/libc_nano.a(lib_a-stdio.o)
                0x00000000080020ca                __sseek
 .text.__sclose
                0x00000000080020ee        0x8 /Users/Qianqian/Applications/SystemWorkbench.app/Contents/Eclipse/plugins/fr.ac6.mcu.externaltools.arm-none.macos64_1.16.0.201807130628/tools/compiler/bin/../lib/gcc/arm-none-eabi/7.2.1/../../../../arm-none-eabi/lib/thumb/v7e-m/fpv5/hard/libc_nano.a(lib_a-stdio.o)
                0x00000000080020ee                __sclose
 *fill*         0x00000000080020f6        0x2 
 .text._write_r
                0x00000000080020f8       0x24 /Users/Qianqian/Applications/SystemWorkbench.app/Contents/Eclipse/plugins/fr.ac6.mcu.externaltools.arm-none.macos64_1.16.0.201807130628/tools/compiler/bin/../lib/gcc/arm-none-eabi/7.2.1/../../../../arm-none-eabi/lib/thumb/v7e-m/fpv5/hard/libc_nano.a(lib_a-writer.o)
                0x00000000080020f8                _write_r
 .text._close_r
                0x000000000800211c       0x20 /Users/Qianqian/Applications/SystemWorkbench.app/Contents/Eclipse/plugins/fr.ac6.mcu.externaltools.arm-none.macos64_1.16.0.201807130628/tools/compiler/bin/../lib/gcc/arm-none-eabi/7.2.1/../../../../arm-none-eabi/lib/thumb/v7e-m/fpv5/hard/libc_nano.a(lib_a-closer.o)
                0x000000000800211c                _close_r
 .text._lseek_r
                0x000000000800213c       0x24 /Users/Qianqian/Applications/SystemWorkbench.app/Contents/Eclipse/plugins/fr.ac6.mcu.externaltools.arm-none.macos64_1.16.0.201807130628/tools/compiler/bin/../lib/gcc/arm-none-eabi/7.2.1/../../../../arm-none-eabi/lib/thumb/v7e-m/fpv5/hard/libc_nano.a(lib_a-lseekr.o)
                0x000000000800213c                _lseek_r
 .text.__malloc_lock
                0x0000000008002160        0x2 /Users/Qianqian/Applications/SystemWorkbench.app/Contents/Eclipse/plugins/fr.ac6.mcu.externaltools.arm-none.macos64_1.16.0.201807130628/tools/compiler/bin/../lib/gcc/arm-none-eabi/7.2.1/../../../../arm-none-eabi/lib/thumb/v7e-m/fpv5/hard/libc_nano.a(lib_a-mlock.o)
                0x0000000008002160                __malloc_lock
 .text.__malloc_unlock
                0x0000000008002162        0x2 /Users/Qianqian/Applications/SystemWorkbench.app/Contents/Eclipse/plugins/fr.ac6.mcu.externaltools.arm-none.macos64_1.16.0.201807130628/tools/compiler/bin/../lib/gcc/arm-none-eabi/7.2.1/../../../../arm-none-eabi/lib/thumb/v7e-m/fpv5/hard/libc_nano.a(lib_a-mlock.o)
                0x0000000008002162                __malloc_unlock
 .text.__sfputc_r
                0x0000000008002164       0x2e /Users/Qianqian/Applications/SystemWorkbench.app/Contents/Eclipse/plugins/fr.ac6.mcu.externaltools.arm-none.macos64_1.16.0.201807130628/tools/compiler/bin/../lib/gcc/arm-none-eabi/7.2.1/../../../../arm-none-eabi/lib/thumb/v7e-m/fpv5/hard/libc_nano.a(lib_a-nano-vfprintf.o)
 .text.__sfputs_r
                0x0000000008002192       0x24 /Users/Qianqian/Applications/SystemWorkbench.app/Contents/Eclipse/plugins/fr.ac6.mcu.externaltools.arm-none.macos64_1.16.0.201807130628/tools/compiler/bin/../lib/gcc/arm-none-eabi/7.2.1/../../../../arm-none-eabi/lib/thumb/v7e-m/fpv5/hard/libc_nano.a(lib_a-nano-vfprintf.o)
                0x0000000008002192                __sfputs_r
 *fill*         0x00000000080021b6        0x2 
 .text._vfprintf_r
                0x00000000080021b8      0x228 /Users/Qianqian/Applications/SystemWorkbench.app/Contents/Eclipse/plugins/fr.ac6.mcu.externaltools.arm-none.macos64_1.16.0.201807130628/tools/compiler/bin/../lib/gcc/arm-none-eabi/7.2.1/../../../../arm-none-eabi/lib/thumb/v7e-m/fpv5/hard/libc_nano.a(lib_a-nano-vfprintf.o)
                0x00000000080021b8                _vfiprintf_r
                0x00000000080021b8                _vfprintf_r
 .text._printf_common
                0x00000000080023e0       0xea /Users/Qianqian/Applications/SystemWorkbench.app/Contents/Eclipse/plugins/fr.ac6.mcu.externaltools.arm-none.macos64_1.16.0.201807130628/tools/compiler/bin/../lib/gcc/arm-none-eabi/7.2.1/../../../../arm-none-eabi/lib/thumb/v7e-m/fpv5/hard/libc_nano.a(lib_a-nano-vfprintf_i.o)
                0x00000000080023e0                _printf_common
 *fill*         0x00000000080024ca        0x2 
 .text._printf_i
                0x00000000080024cc      0x224 /Users/Qianqian/Applications/SystemWorkbench.app/Contents/Eclipse/plugins/fr.ac6.mcu.externaltools.arm-none.macos64_1.16.0.201807130628/tools/compiler/bin/../lib/gcc/arm-none-eabi/7.2.1/../../../../arm-none-eabi/lib/thumb/v7e-m/fpv5/hard/libc_nano.a(lib_a-nano-vfprintf_i.o)
                0x00000000080024cc                _printf_i
 .text._read_r  0x00000000080026f0       0x24 /Users/Qianqian/Applications/SystemWorkbench.app/Contents/Eclipse/plugins/fr.ac6.mcu.externaltools.arm-none.macos64_1.16.0.201807130628/tools/compiler/bin/../lib/gcc/arm-none-eabi/7.2.1/../../../../arm-none-eabi/lib/thumb/v7e-m/fpv5/hard/libc_nano.a(lib_a-readr.o)
                0x00000000080026f0                _read_r
 .text.__swbuf_r
                0x0000000008002714       0xa4 /Users/Qianqian/Applications/SystemWorkbench.app/Contents/Eclipse/plugins/fr.ac6.mcu.externaltools.arm-none.macos64_1.16.0.201807130628/tools/compiler/bin/../lib/gcc/arm-none-eabi/7.2.1/../../../../arm-none-eabi/lib/thumb/v7e-m/fpv5/hard/libc_nano.a(lib_a-wbuf.o)
                0x0000000008002714                __swbuf_r
 .text.__swsetup_r
                0x00000000080027b8       0xdc /Users/Qianqian/Applications/SystemWorkbench.app/Contents/Eclipse/plugins/fr.ac6.mcu.externaltools.arm-none.macos64_1.16.0.201807130628/tools/compiler/bin/../lib/gcc/arm-none-eabi/7.2.1/../../../../arm-none-eabi/lib/thumb/v7e-m/fpv5/hard/libc_nano.a(lib_a-wsetup.o)
                0x00000000080027b8                __swsetup_r
 .text.__swhatbuf_r
                0x0000000008002894       0x48 /Users/Qianqian/Applications/SystemWorkbench.app/Contents/Eclipse/plugins/fr.ac6.mcu.externaltools.arm-none.macos64_1.16.0.201807130628/tools/compiler/bin/../lib/gcc/arm-none-eabi/7.2.1/../../../../arm-none-eabi/lib/thumb/v7e-m/fpv5/hard/libc_nano.a(lib_a-makebuf.o)
                0x0000000008002894                __swhatbuf_r
 .text.__smakebuf_r
                0x00000000080028dc       0x80 /Users/Qianqian/Applications/SystemWorkbench.app/Contents/Eclipse/plugins/fr.ac6.mcu.externaltools.arm-none.macos64_1.16.0.201807130628/tools/compiler/bin/../lib/gcc/arm-none-eabi/7.2.1/../../../../arm-none-eabi/lib/thumb/v7e-m/fpv5/hard/libc_nano.a(lib_a-makebuf.o)
                0x00000000080028dc                __smakebuf_r
 .text._fstat_r
                0x000000000800295c       0x24 /Users/Qianqian/Applications/SystemWorkbench.app/Contents/Eclipse/plugins/fr.ac6.mcu.externaltools.arm-none.macos64_1.16.0.201807130628/tools/compiler/bin/../lib/gcc/arm-none-eabi/7.2.1/../../../../arm-none-eabi/lib/thumb/v7e-m/fpv5/hard/libc_nano.a(lib_a-fstatr.o)
                0x000000000800295c                _fstat_r
 .text._isatty_r
                0x0000000008002980       0x20 /Users/Qianqian/Applications/SystemWorkbench.app/Contents/Eclipse/plugins/fr.ac6.mcu.externaltools.arm-none.macos64_1.16.0.201807130628/tools/compiler/bin/../lib/gcc/arm-none-eabi/7.2.1/../../../../arm-none-eabi/lib/thumb/v7e-m/fpv5/hard/libc_nano.a(lib_a-isattyr.o)
                0x0000000008002980                _isatty_r
 .text._close   0x00000000080029a0       0x10 /Users/Qianqian/Applications/SystemWorkbench.app/Contents/Eclipse/plugins/fr.ac6.mcu.externaltools.arm-none.macos64_1.16.0.201807130628/tools/compiler/bin/../lib/gcc/arm-none-eabi/7.2.1/../../../../arm-none-eabi/lib/thumb/v7e-m/fpv5/hard/libnosys.a(close.o)
                0x00000000080029a0                _close
 .text._fstat   0x00000000080029b0       0x10 /Users/Qianqian/Applications/SystemWorkbench.app/Contents/Eclipse/plugins/fr.ac6.mcu.externaltools.arm-none.macos64_1.16.0.201807130628/tools/compiler/bin/../lib/gcc/arm-none-eabi/7.2.1/../../../../arm-none-eabi/lib/thumb/v7e-m/fpv5/hard/libnosys.a(fstat.o)
                0x00000000080029b0                _fstat
 .text._isatty  0x00000000080029c0       0x10 /Users/Qianqian/Applications/SystemWorkbench.app/Contents/Eclipse/plugins/fr.ac6.mcu.externaltools.arm-none.macos64_1.16.0.201807130628/tools/compiler/bin/../lib/gcc/arm-none-eabi/7.2.1/../../../../arm-none-eabi/lib/thumb/v7e-m/fpv5/hard/libnosys.a(isatty.o)
                0x00000000080029c0                _isatty
 .text._lseek   0x00000000080029d0       0x10 /Users/Qianqian/Applications/SystemWorkbench.app/Contents/Eclipse/plugins/fr.ac6.mcu.externaltools.arm-none.macos64_1.16.0.201807130628/tools/compiler/bin/../lib/gcc/arm-none-eabi/7.2.1/../../../../arm-none-eabi/lib/thumb/v7e-m/fpv5/hard/libnosys.a(lseek.o)
                0x00000000080029d0                _lseek
 .text._sbrk    0x00000000080029e0       0x1c /Users/Qianqian/Applications/SystemWorkbench.app/Contents/Eclipse/plugins/fr.ac6.mcu.externaltools.arm-none.macos64_1.16.0.201807130628/tools/compiler/bin/../lib/gcc/arm-none-eabi/7.2.1/../../../../arm-none-eabi/lib/thumb/v7e-m/fpv5/hard/libnosys.a(sbrk.o)
                0x00000000080029e0                _sbrk
 *(.glue_7)
 .glue_7        0x00000000080029fc        0x0 linker stubs
 *(.glue_7t)
 .glue_7t       0x00000000080029fc        0x0 linker stubs
 *(.eh_frame)
 .eh_frame      0x00000000080029fc        0x0 /Users/Qianqian/Applications/SystemWorkbench.app/Contents/Eclipse/plugins/fr.ac6.mcu.externaltools.arm-none.macos64_1.16.0.201807130628/tools/compiler/bin/../lib/gcc/arm-none-eabi/7.2.1/thumb/v7e-m/fpv5/hard/crtbegin.o
 *(.init)
 .init          0x00000000080029fc        0x4 /Users/Qianqian/Applications/SystemWorkbench.app/Contents/Eclipse/plugins/fr.ac6.mcu.externaltools.arm-none.macos64_1.16.0.201807130628/tools/compiler/bin/../lib/gcc/arm-none-eabi/7.2.1/thumb/v7e-m/fpv5/hard/crti.o
                0x00000000080029fc                _init
 .init          0x0000000008002a00        0x8 /Users/Qianqian/Applications/SystemWorkbench.app/Contents/Eclipse/plugins/fr.ac6.mcu.externaltools.arm-none.macos64_1.16.0.201807130628/tools/compiler/bin/../lib/gcc/arm-none-eabi/7.2.1/thumb/v7e-m/fpv5/hard/crtn.o
 *(.fini)
 .fini          0x0000000008002a08        0x4 /Users/Qianqian/Applications/SystemWorkbench.app/Contents/Eclipse/plugins/fr.ac6.mcu.externaltools.arm-none.macos64_1.16.0.201807130628/tools/compiler/bin/../lib/gcc/arm-none-eabi/7.2.1/thumb/v7e-m/fpv5/hard/crti.o
                0x0000000008002a08                _fini
 .fini          0x0000000008002a0c        0x8 /Users/Qianqian/Applications/SystemWorkbench.app/Contents/Eclipse/plugins/fr.ac6.mcu.externaltools.arm-none.macos64_1.16.0.201807130628/tools/compiler/bin/../lib/gcc/arm-none-eabi/7.2.1/thumb/v7e-m/fpv5/hard/crtn.o
                0x0000000008002a14                . = ALIGN (0x4)
                0x0000000008002a14                _etext = .

.vfp11_veneer   0x0000000008002a14        0x0
 .vfp11_veneer  0x0000000008002a14        0x0 linker stubs

.v4_bx          0x0000000008002a14        0x0
 .v4_bx         0x0000000008002a14        0x0 linker stubs

.iplt           0x0000000008002a14        0x0
 .iplt          0x0000000008002a14        0x0 /Users/Qianqian/Applications/SystemWorkbench.app/Contents/Eclipse/plugins/fr.ac6.mcu.externaltools.arm-none.macos64_1.16.0.201807130628/tools/compiler/bin/../lib/gcc/arm-none-eabi/7.2.1/thumb/v7e-m/fpv5/hard/crtbegin.o

.rodata         0x0000000008002a14      0x160
                0x0000000008002a14                . = ALIGN (0x4)
 *(.rodata)
 .rodata        0x0000000008002a14       0x18 stm32lib/Drivers/CMSIS/Device/ST/STM32F7xx/Source/Templates/system_stm32f7xx.o
                0x0000000008002a14                AHBPrescTable
                0x0000000008002a24                APBPrescTable
 *(.rodata*)
 .rodata.str1.4
                0x0000000008002a2c       0x99 src/task1.o
 *fill*         0x0000000008002ac5        0x3 
 .rodata.str1.4
                0x0000000008002ac8       0x14 src/task3.o
                                         0x11 (size before relaxing)
 .rodata.__sf_fake_stderr
                0x0000000008002adc       0x20 /Users/Qianqian/Applications/SystemWorkbench.app/Contents/Eclipse/plugins/fr.ac6.mcu.externaltools.arm-none.macos64_1.16.0.201807130628/tools/compiler/bin/../lib/gcc/arm-none-eabi/7.2.1/../../../../arm-none-eabi/lib/thumb/v7e-m/fpv5/hard/libc_nano.a(lib_a-findfp.o)
                0x0000000008002adc                __sf_fake_stderr
 .rodata.__sf_fake_stdin
                0x0000000008002afc       0x20 /Users/Qianqian/Applications/SystemWorkbench.app/Contents/Eclipse/plugins/fr.ac6.mcu.externaltools.arm-none.macos64_1.16.0.201807130628/tools/compiler/bin/../lib/gcc/arm-none-eabi/7.2.1/../../../../arm-none-eabi/lib/thumb/v7e-m/fpv5/hard/libc_nano.a(lib_a-findfp.o)
                0x0000000008002afc                __sf_fake_stdin
 .rodata.__sf_fake_stdout
                0x0000000008002b1c       0x20 /Users/Qianqian/Applications/SystemWorkbench.app/Contents/Eclipse/plugins/fr.ac6.mcu.externaltools.arm-none.macos64_1.16.0.201807130628/tools/compiler/bin/../lib/gcc/arm-none-eabi/7.2.1/../../../../arm-none-eabi/lib/thumb/v7e-m/fpv5/hard/libc_nano.a(lib_a-findfp.o)
                0x0000000008002b1c                __sf_fake_stdout
 .rodata._global_impure_ptr
                0x0000000008002b3c        0x4 /Users/Qianqian/Applications/SystemWorkbench.app/Contents/Eclipse/plugins/fr.ac6.mcu.externaltools.arm-none.macos64_1.16.0.201807130628/tools/compiler/bin/../lib/gcc/arm-none-eabi/7.2.1/../../../../arm-none-eabi/lib/thumb/v7e-m/fpv5/hard/libc_nano.a(lib_a-impure.o)
                0x0000000008002b3c                _global_impure_ptr
 .rodata._vfprintf_r.str1.1
                0x0000000008002b40       0x11 /Users/Qianqian/Applications/SystemWorkbench.app/Contents/Eclipse/plugins/fr.ac6.mcu.externaltools.arm-none.macos64_1.16.0.201807130628/tools/compiler/bin/../lib/gcc/arm-none-eabi/7.2.1/../../../../arm-none-eabi/lib/thumb/v7e-m/fpv5/hard/libc_nano.a(lib_a-nano-vfprintf.o)
 .rodata._printf_i.str1.1
                0x0000000008002b51       0x22 /Users/Qianqian/Applications/SystemWorkbench.app/Contents/Eclipse/plugins/fr.ac6.mcu.externaltools.arm-none.macos64_1.16.0.201807130628/tools/compiler/bin/../lib/gcc/arm-none-eabi/7.2.1/../../../../arm-none-eabi/lib/thumb/v7e-m/fpv5/hard/libc_nano.a(lib_a-nano-vfprintf_i.o)
                0x0000000008002b74                . = ALIGN (0x4)
 *fill*         0x0000000008002b73        0x1 

.rel.dyn        0x0000000008002b74        0x0
 .rel.iplt      0x0000000008002b74        0x0 /Users/Qianqian/Applications/SystemWorkbench.app/Contents/Eclipse/plugins/fr.ac6.mcu.externaltools.arm-none.macos64_1.16.0.201807130628/tools/compiler/bin/../lib/gcc/arm-none-eabi/7.2.1/thumb/v7e-m/fpv5/hard/crtbegin.o

.ARM.extab      0x0000000008002b74        0x0
                0x0000000008002b74                . = ALIGN (0x4)
 *(.ARM.extab* .gnu.linkonce.armextab.*)
                0x0000000008002b74                . = ALIGN (0x4)

.ARM            0x0000000008002b74        0x0
                0x0000000008002b74                . = ALIGN (0x4)
                0x0000000008002b74                __exidx_start = .
 *(.ARM.exidx*)
                0x0000000008002b74                __exidx_end = .
                0x0000000008002b74                . = ALIGN (0x4)

.preinit_array  0x0000000008002b74        0x0
                0x0000000008002b74                . = ALIGN (0x4)
                0x0000000008002b74                PROVIDE (__preinit_array_start, .)
 *(.preinit_array*)
                0x0000000008002b74                PROVIDE (__preinit_array_end, .)
                0x0000000008002b74                . = ALIGN (0x4)

.init_array     0x0000000008002b74        0x4
                0x0000000008002b74                . = ALIGN (0x4)
                0x0000000008002b74                PROVIDE (__init_array_start, .)
 *(SORT_BY_NAME(.init_array.*))
 *(.init_array*)
 .init_array    0x0000000008002b74        0x4 /Users/Qianqian/Applications/SystemWorkbench.app/Contents/Eclipse/plugins/fr.ac6.mcu.externaltools.arm-none.macos64_1.16.0.201807130628/tools/compiler/bin/../lib/gcc/arm-none-eabi/7.2.1/thumb/v7e-m/fpv5/hard/crtbegin.o
                0x0000000008002b78                PROVIDE (__init_array_end, .)
                0x0000000008002b78                . = ALIGN (0x4)

.fini_array     0x0000000008002b78        0x4
                0x0000000008002b78                . = ALIGN (0x4)
                [!provide]                        PROVIDE (__fini_array_start, .)
 *(SORT_BY_NAME(.fini_array.*))
 *(.fini_array*)
 .fini_array    0x0000000008002b78        0x4 /Users/Qianqian/Applications/SystemWorkbench.app/Contents/Eclipse/plugins/fr.ac6.mcu.externaltools.arm-none.macos64_1.16.0.201807130628/tools/compiler/bin/../lib/gcc/arm-none-eabi/7.2.1/thumb/v7e-m/fpv5/hard/crtbegin.o
                [!provide]                        PROVIDE (__fini_array_end, .)
                0x0000000008002b7c                . = ALIGN (0x4)
                0x0000000008002b7c                _sidata = LOADADDR (.data)

.data           0x0000000020000000       0x68 load address 0x0000000008002b7c
                0x0000000020000000                . = ALIGN (0x4)
                0x0000000020000000                _sdata = .
 *(.data)
 .data          0x0000000020000000        0x4 stm32lib/Drivers/CMSIS/Device/ST/STM32F7xx/Source/Templates/system_stm32f7xx.o
                0x0000000020000000                SystemCoreClock
 *(.data*)
 .data._impure_ptr
                0x0000000020000004        0x4 /Users/Qianqian/Applications/SystemWorkbench.app/Contents/Eclipse/plugins/fr.ac6.mcu.externaltools.arm-none.macos64_1.16.0.201807130628/tools/compiler/bin/../lib/gcc/arm-none-eabi/7.2.1/../../../../arm-none-eabi/lib/thumb/v7e-m/fpv5/hard/libc_nano.a(lib_a-impure.o)
                0x0000000020000004                _impure_ptr
 .data.impure_data
                0x0000000020000008       0x60 /Users/Qianqian/Applications/SystemWorkbench.app/Contents/Eclipse/plugins/fr.ac6.mcu.externaltools.arm-none.macos64_1.16.0.201807130628/tools/compiler/bin/../lib/gcc/arm-none-eabi/7.2.1/../../../../arm-none-eabi/lib/thumb/v7e-m/fpv5/hard/libc_nano.a(lib_a-impure.o)
                0x0000000020000068                . = ALIGN (0x4)
                0x0000000020000068                _edata = .

.igot.plt       0x0000000020000068        0x0 load address 0x0000000008002be4
 .igot.plt      0x0000000020000068        0x0 /Users/Qianqian/Applications/SystemWorkbench.app/Contents/Eclipse/plugins/fr.ac6.mcu.externaltools.arm-none.macos64_1.16.0.201807130628/tools/compiler/bin/../lib/gcc/arm-none-eabi/7.2.1/thumb/v7e-m/fpv5/hard/crtbegin.o
                0x0000000020000068                . = ALIGN (0x4)

.bss            0x0000000020000068      0x100 load address 0x0000000008002be4
                0x0000000020000068                _sbss = .
                0x0000000020000068                __bss_start__ = _sbss
 *(.bss)
 .bss           0x0000000020000068       0x1c /Users/Qianqian/Applications/SystemWorkbench.app/Contents/Eclipse/plugins/fr.ac6.mcu.externaltools.arm-none.macos64_1.16.0.201807130628/tools/compiler/bin/../lib/gcc/arm-none-eabi/7.2.1/thumb/v7e-m/fpv5/hard/crtbegin.o
 .bss           0x0000000020000084        0x2 src/task1.o
                0x0000000020000084                button1_state
                0x0000000020000085                button2_state
 *fill*         0x0000000020000086        0x2 
 .bss           0x0000000020000088        0x4 src/task2.o
                0x0000000020000088                counter
 .bss           0x000000002000008c        0x4 src/task3.o
                0x000000002000008c                count
 *(.bss*)
 .bss.__malloc_free_list
                0x0000000020000090        0x4 /Users/Qianqian/Applications/SystemWorkbench.app/Contents/Eclipse/plugins/fr.ac6.mcu.externaltools.arm-none.macos64_1.16.0.201807130628/tools/compiler/bin/../lib/gcc/arm-none-eabi/7.2.1/../../../../arm-none-eabi/lib/thumb/v7e-m/fpv5/hard/libc_nano.a(lib_a-nano-mallocr.o)
                0x0000000020000090                __malloc_free_list
 .bss.__malloc_sbrk_start
                0x0000000020000094        0x4 /Users/Qianqian/Applications/SystemWorkbench.app/Contents/Eclipse/plugins/fr.ac6.mcu.externaltools.arm-none.macos64_1.16.0.201807130628/tools/compiler/bin/../lib/gcc/arm-none-eabi/7.2.1/../../../../arm-none-eabi/lib/thumb/v7e-m/fpv5/hard/libc_nano.a(lib_a-nano-mallocr.o)
                0x0000000020000094                __malloc_sbrk_start
 .bss.heap_end.5377
                0x0000000020000098        0x4 /Users/Qianqian/Applications/SystemWorkbench.app/Contents/Eclipse/plugins/fr.ac6.mcu.externaltools.arm-none.macos64_1.16.0.201807130628/tools/compiler/bin/../lib/gcc/arm-none-eabi/7.2.1/../../../../arm-none-eabi/lib/thumb/v7e-m/fpv5/hard/libnosys.a(sbrk.o)
 *(COMMON)
 COMMON         0x000000002000009c       0x70 src/init.o
                0x000000002000009c                USB_UART
 COMMON         0x000000002000010c       0x14 src/task1.o
                0x000000002000010c                GPIO_InitStructure
 COMMON         0x0000000020000120       0x40 src/task3.o
                0x0000000020000120                htim7
 COMMON         0x0000000020000160        0x4 stm32lib/Drivers/STM32F7xx_HAL_Driver/Src/stm32f7xx_hal.o
                0x0000000020000160                uwTick
 COMMON         0x0000000020000164        0x4 /Users/Qianqian/Applications/SystemWorkbench.app/Contents/Eclipse/plugins/fr.ac6.mcu.externaltools.arm-none.macos64_1.16.0.201807130628/tools/compiler/bin/../lib/gcc/arm-none-eabi/7.2.1/../../../../arm-none-eabi/lib/thumb/v7e-m/fpv5/hard/libc_nano.a(lib_a-reent.o)
                0x0000000020000164                errno
                0x0000000020000168                . = ALIGN (0x4)
                0x0000000020000168                _ebss = .
                0x0000000020000168                __bss_end__ = _ebss

._user_heap_stack
                0x0000000020000168      0x400 load address 0x0000000008002be4
                0x0000000020000168                . = ALIGN (0x8)
                0x0000000020000168                PROVIDE (end, .)
                [!provide]                        PROVIDE (_end, .)
                0x0000000020000168                . = (. + _Min_Heap_Size)
                0x0000000020000568                . = (. + _Min_Stack_Size)
 *fill*         0x0000000020000168      0x400 
                0x0000000020000568                . = ALIGN (0x8)

/DISCARD/
 libc.a(*)
 libm.a(*)
 libgcc.a(*)

.ARM.attributes
                0x0000000000000000       0x2e
 *(.ARM.attributes)
 .ARM.attributes
                0x0000000000000000       0x20 /Users/Qianqian/Applications/SystemWorkbench.app/Contents/Eclipse/plugins/fr.ac6.mcu.externaltools.arm-none.macos64_1.16.0.201807130628/tools/compiler/bin/../lib/gcc/arm-none-eabi/7.2.1/thumb/v7e-m/fpv5/hard/crti.o
 .ARM.attributes
                0x0000000000000020       0x32 /Users/Qianqian/Applications/SystemWorkbench.app/Contents/Eclipse/plugins/fr.ac6.mcu.externaltools.arm-none.macos64_1.16.0.201807130628/tools/compiler/bin/../lib/gcc/arm-none-eabi/7.2.1/thumb/v7e-m/fpv5/hard/crtbegin.o
 .ARM.attributes
                0x0000000000000052       0x37 src/init.o
 .ARM.attributes
                0x0000000000000089       0x37 src/task1.o
 .ARM.attributes
                0x00000000000000c0       0x37 src/task2.o
 .ARM.attributes
                0x00000000000000f7       0x37 src/task3.o
 .ARM.attributes
                0x000000000000012e       0x37 src/uart.o
 .ARM.attributes
                0x0000000000000165       0x21 startup/startup_stm32f769xx.o
 .ARM.attributes
                0x0000000000000186       0x37 stm32lib/Drivers/CMSIS/Device/ST/STM32F7xx/Source/Templates/system_stm32f7xx.o
 .ARM.attributes
                0x00000000000001bd       0x37 stm32lib/Drivers/STM32F7xx_HAL_Driver/Src/stm32f7xx_hal.o
 .ARM.attributes
                0x00000000000001f4       0x37 stm32lib/Drivers/STM32F7xx_HAL_Driver/Src/stm32f7xx_hal_cortex.o
 .ARM.attributes
                0x000000000000022b       0x37 stm32lib/Drivers/STM32F7xx_HAL_Driver/Src/stm32f7xx_hal_gpio.o
 .ARM.attributes
                0x0000000000000262       0x37 stm32lib/Drivers/STM32F7xx_HAL_Driver/Src/stm32f7xx_hal_pwr_ex.o
 .ARM.attributes
                0x0000000000000299       0x37 stm32lib/Drivers/STM32F7xx_HAL_Driver/Src/stm32f7xx_hal_rcc.o
 .ARM.attributes
                0x00000000000002d0       0x37 stm32lib/Drivers/STM32F7xx_HAL_Driver/Src/stm32f7xx_hal_tim.o
 .ARM.attributes
                0x0000000000000307       0x37 stm32lib/Drivers/STM32F7xx_HAL_Driver/Src/stm32f7xx_hal_uart.o
 .ARM.attributes
                0x000000000000033e       0x32 /Users/Qianqian/Applications/SystemWorkbench.app/Contents/Eclipse/plugins/fr.ac6.mcu.externaltools.arm-none.macos64_1.16.0.201807130628/tools/compiler/bin/../lib/gcc/arm-none-eabi/7.2.1/../../../../arm-none-eabi/lib/thumb/v7e-m/fpv5/hard/libc_nano.a(lib_a-fflush.o)
 .ARM.attributes
                0x0000000000000370       0x32 /Users/Qianqian/Applications/SystemWorkbench.app/Contents/Eclipse/plugins/fr.ac6.mcu.externaltools.arm-none.macos64_1.16.0.201807130628/tools/compiler/bin/../lib/gcc/arm-none-eabi/7.2.1/../../../../arm-none-eabi/lib/thumb/v7e-m/fpv5/hard/libc_nano.a(lib_a-findfp.o)
 .ARM.attributes
                0x00000000000003a2       0x32 /Users/Qianqian/Applications/SystemWorkbench.app/Contents/Eclipse/plugins/fr.ac6.mcu.externaltools.arm-none.macos64_1.16.0.201807130628/tools/compiler/bin/../lib/gcc/arm-none-eabi/7.2.1/../../../../arm-none-eabi/lib/thumb/v7e-m/fpv5/hard/libc_nano.a(lib_a-fwalk.o)
 .ARM.attributes
                0x00000000000003d4       0x32 /Users/Qianqian/Applications/SystemWorkbench.app/Contents/Eclipse/plugins/fr.ac6.mcu.externaltools.arm-none.macos64_1.16.0.201807130628/tools/compiler/bin/../lib/gcc/arm-none-eabi/7.2.1/../../../../arm-none-eabi/lib/thumb/v7e-m/fpv5/hard/libc_nano.a(lib_a-impure.o)
 .ARM.attributes
                0x0000000000000406       0x32 /Users/Qianqian/Applications/SystemWorkbench.app/Contents/Eclipse/plugins/fr.ac6.mcu.externaltools.arm-none.macos64_1.16.0.201807130628/tools/compiler/bin/../lib/gcc/arm-none-eabi/7.2.1/../../../../arm-none-eabi/lib/thumb/v7e-m/fpv5/hard/libc_nano.a(lib_a-init.o)
 .ARM.attributes
                0x0000000000000438       0x32 /Users/Qianqian/Applications/SystemWorkbench.app/Contents/Eclipse/plugins/fr.ac6.mcu.externaltools.arm-none.macos64_1.16.0.201807130628/tools/compiler/bin/../lib/gcc/arm-none-eabi/7.2.1/../../../../arm-none-eabi/lib/thumb/v7e-m/fpv5/hard/libc_nano.a(lib_a-memset.o)
 .ARM.attributes
                0x000000000000046a       0x32 /Users/Qianqian/Applications/SystemWorkbench.app/Contents/Eclipse/plugins/fr.ac6.mcu.externaltools.arm-none.macos64_1.16.0.201807130628/tools/compiler/bin/../lib/gcc/arm-none-eabi/7.2.1/../../../../arm-none-eabi/lib/thumb/v7e-m/fpv5/hard/libc_nano.a(lib_a-nano-freer.o)
 .ARM.attributes
                0x000000000000049c       0x32 /Users/Qianqian/Applications/SystemWorkbench.app/Contents/Eclipse/plugins/fr.ac6.mcu.externaltools.arm-none.macos64_1.16.0.201807130628/tools/compiler/bin/../lib/gcc/arm-none-eabi/7.2.1/../../../../arm-none-eabi/lib/thumb/v7e-m/fpv5/hard/libc_nano.a(lib_a-nano-mallocr.o)
 .ARM.attributes
                0x00000000000004ce       0x32 /Users/Qianqian/Applications/SystemWorkbench.app/Contents/Eclipse/plugins/fr.ac6.mcu.externaltools.arm-none.macos64_1.16.0.201807130628/tools/compiler/bin/../lib/gcc/arm-none-eabi/7.2.1/../../../../arm-none-eabi/lib/thumb/v7e-m/fpv5/hard/libc_nano.a(lib_a-printf.o)
 .ARM.attributes
                0x0000000000000500       0x32 /Users/Qianqian/Applications/SystemWorkbench.app/Contents/Eclipse/plugins/fr.ac6.mcu.externaltools.arm-none.macos64_1.16.0.201807130628/tools/compiler/bin/../lib/gcc/arm-none-eabi/7.2.1/../../../../arm-none-eabi/lib/thumb/v7e-m/fpv5/hard/libc_nano.a(lib_a-sbrkr.o)
 .ARM.attributes
                0x0000000000000532       0x32 /Users/Qianqian/Applications/SystemWorkbench.app/Contents/Eclipse/plugins/fr.ac6.mcu.externaltools.arm-none.macos64_1.16.0.201807130628/tools/compiler/bin/../lib/gcc/arm-none-eabi/7.2.1/../../../../arm-none-eabi/lib/thumb/v7e-m/fpv5/hard/libc_nano.a(lib_a-stdio.o)
 .ARM.attributes
                0x0000000000000564       0x32 /Users/Qianqian/Applications/SystemWorkbench.app/Contents/Eclipse/plugins/fr.ac6.mcu.externaltools.arm-none.macos64_1.16.0.201807130628/tools/compiler/bin/../lib/gcc/arm-none-eabi/7.2.1/../../../../arm-none-eabi/lib/thumb/v7e-m/fpv5/hard/libc_nano.a(lib_a-writer.o)
 .ARM.attributes
                0x0000000000000596       0x32 /Users/Qianqian/Applications/SystemWorkbench.app/Contents/Eclipse/plugins/fr.ac6.mcu.externaltools.arm-none.macos64_1.16.0.201807130628/tools/compiler/bin/../lib/gcc/arm-none-eabi/7.2.1/../../../../arm-none-eabi/lib/thumb/v7e-m/fpv5/hard/libc_nano.a(lib_a-closer.o)
 .ARM.attributes
                0x00000000000005c8       0x32 /Users/Qianqian/Applications/SystemWorkbench.app/Contents/Eclipse/plugins/fr.ac6.mcu.externaltools.arm-none.macos64_1.16.0.201807130628/tools/compiler/bin/../lib/gcc/arm-none-eabi/7.2.1/../../../../arm-none-eabi/lib/thumb/v7e-m/fpv5/hard/libc_nano.a(lib_a-lseekr.o)
 .ARM.attributes
                0x00000000000005fa       0x32 /Users/Qianqian/Applications/SystemWorkbench.app/Contents/Eclipse/plugins/fr.ac6.mcu.externaltools.arm-none.macos64_1.16.0.201807130628/tools/compiler/bin/../lib/gcc/arm-none-eabi/7.2.1/../../../../arm-none-eabi/lib/thumb/v7e-m/fpv5/hard/libc_nano.a(lib_a-mlock.o)
 .ARM.attributes
                0x000000000000062c       0x32 /Users/Qianqian/Applications/SystemWorkbench.app/Contents/Eclipse/plugins/fr.ac6.mcu.externaltools.arm-none.macos64_1.16.0.201807130628/tools/compiler/bin/../lib/gcc/arm-none-eabi/7.2.1/../../../../arm-none-eabi/lib/thumb/v7e-m/fpv5/hard/libc_nano.a(lib_a-nano-vfprintf.o)
 .ARM.attributes
                0x000000000000065e       0x32 /Users/Qianqian/Applications/SystemWorkbench.app/Contents/Eclipse/plugins/fr.ac6.mcu.externaltools.arm-none.macos64_1.16.0.201807130628/tools/compiler/bin/../lib/gcc/arm-none-eabi/7.2.1/../../../../arm-none-eabi/lib/thumb/v7e-m/fpv5/hard/libc_nano.a(lib_a-nano-vfprintf_i.o)
 .ARM.attributes
                0x0000000000000690       0x32 /Users/Qianqian/Applications/SystemWorkbench.app/Contents/Eclipse/plugins/fr.ac6.mcu.externaltools.arm-none.macos64_1.16.0.201807130628/tools/compiler/bin/../lib/gcc/arm-none-eabi/7.2.1/../../../../arm-none-eabi/lib/thumb/v7e-m/fpv5/hard/libc_nano.a(lib_a-readr.o)
 .ARM.attributes
                0x00000000000006c2       0x32 /Users/Qianqian/Applications/SystemWorkbench.app/Contents/Eclipse/plugins/fr.ac6.mcu.externaltools.arm-none.macos64_1.16.0.201807130628/tools/compiler/bin/../lib/gcc/arm-none-eabi/7.2.1/../../../../arm-none-eabi/lib/thumb/v7e-m/fpv5/hard/libc_nano.a(lib_a-reent.o)
 .ARM.attributes
                0x00000000000006f4       0x32 /Users/Qianqian/Applications/SystemWorkbench.app/Contents/Eclipse/plugins/fr.ac6.mcu.externaltools.arm-none.macos64_1.16.0.201807130628/tools/compiler/bin/../lib/gcc/arm-none-eabi/7.2.1/../../../../arm-none-eabi/lib/thumb/v7e-m/fpv5/hard/libc_nano.a(lib_a-wbuf.o)
 .ARM.attributes
                0x0000000000000726       0x32 /Users/Qianqian/Applications/SystemWorkbench.app/Contents/Eclipse/plugins/fr.ac6.mcu.externaltools.arm-none.macos64_1.16.0.201807130628/tools/compiler/bin/../lib/gcc/arm-none-eabi/7.2.1/../../../../arm-none-eabi/lib/thumb/v7e-m/fpv5/hard/libc_nano.a(lib_a-wsetup.o)
 .ARM.attributes
                0x0000000000000758       0x32 /Users/Qianqian/Applications/SystemWorkbench.app/Contents/Eclipse/plugins/fr.ac6.mcu.externaltools.arm-none.macos64_1.16.0.201807130628/tools/compiler/bin/../lib/gcc/arm-none-eabi/7.2.1/../../../../arm-none-eabi/lib/thumb/v7e-m/fpv5/hard/libc_nano.a(lib_a-makebuf.o)
 .ARM.attributes
                0x000000000000078a       0x1e /Users/Qianqian/Applications/SystemWorkbench.app/Contents/Eclipse/plugins/fr.ac6.mcu.externaltools.arm-none.macos64_1.16.0.201807130628/tools/compiler/bin/../lib/gcc/arm-none-eabi/7.2.1/../../../../arm-none-eabi/lib/thumb/v7e-m/fpv5/hard/libc_nano.a(lib_a-memchr.o)
 .ARM.attributes
                0x00000000000007a8       0x32 /Users/Qianqian/Applications/SystemWorkbench.app/Contents/Eclipse/plugins/fr.ac6.mcu.externaltools.arm-none.macos64_1.16.0.201807130628/tools/compiler/bin/../lib/gcc/arm-none-eabi/7.2.1/../../../../arm-none-eabi/lib/thumb/v7e-m/fpv5/hard/libc_nano.a(lib_a-fstatr.o)
 .ARM.attributes
                0x00000000000007da       0x32 /Users/Qianqian/Applications/SystemWorkbench.app/Contents/Eclipse/plugins/fr.ac6.mcu.externaltools.arm-none.macos64_1.16.0.201807130628/tools/compiler/bin/../lib/gcc/arm-none-eabi/7.2.1/../../../../arm-none-eabi/lib/thumb/v7e-m/fpv5/hard/libc_nano.a(lib_a-isattyr.o)
 .ARM.attributes
                0x000000000000080c       0x32 /Users/Qianqian/Applications/SystemWorkbench.app/Contents/Eclipse/plugins/fr.ac6.mcu.externaltools.arm-none.macos64_1.16.0.201807130628/tools/compiler/bin/../lib/gcc/arm-none-eabi/7.2.1/../../../../arm-none-eabi/lib/thumb/v7e-m/fpv5/hard/libnosys.a(close.o)
 .ARM.attributes
                0x000000000000083e       0x32 /Users/Qianqian/Applications/SystemWorkbench.app/Contents/Eclipse/plugins/fr.ac6.mcu.externaltools.arm-none.macos64_1.16.0.201807130628/tools/compiler/bin/../lib/gcc/arm-none-eabi/7.2.1/../../../../arm-none-eabi/lib/thumb/v7e-m/fpv5/hard/libnosys.a(fstat.o)
 .ARM.attributes
                0x0000000000000870       0x32 /Users/Qianqian/Applications/SystemWorkbench.app/Contents/Eclipse/plugins/fr.ac6.mcu.externaltools.arm-none.macos64_1.16.0.201807130628/tools/compiler/bin/../lib/gcc/arm-none-eabi/7.2.1/../../../../arm-none-eabi/lib/thumb/v7e-m/fpv5/hard/libnosys.a(isatty.o)
 .ARM.attributes
                0x00000000000008a2       0x32 /Users/Qianqian/Applications/SystemWorkbench.app/Contents/Eclipse/plugins/fr.ac6.mcu.externaltools.arm-none.macos64_1.16.0.201807130628/tools/compiler/bin/../lib/gcc/arm-none-eabi/7.2.1/../../../../arm-none-eabi/lib/thumb/v7e-m/fpv5/hard/libnosys.a(lseek.o)
 .ARM.attributes
                0x00000000000008d4       0x32 /Users/Qianqian/Applications/SystemWorkbench.app/Contents/Eclipse/plugins/fr.ac6.mcu.externaltools.arm-none.macos64_1.16.0.201807130628/tools/compiler/bin/../lib/gcc/arm-none-eabi/7.2.1/../../../../arm-none-eabi/lib/thumb/v7e-m/fpv5/hard/libnosys.a(sbrk.o)
 .ARM.attributes
                0x0000000000000906       0x20 /Users/Qianqian/Applications/SystemWorkbench.app/Contents/Eclipse/plugins/fr.ac6.mcu.externaltools.arm-none.macos64_1.16.0.201807130628/tools/compiler/bin/../lib/gcc/arm-none-eabi/7.2.1/thumb/v7e-m/fpv5/hard/crtn.o
OUTPUT(LAB-02-Template-2.elf elf32-littlearm)

.debug_info     0x0000000000000000    0x13f23
 .debug_info    0x0000000000000000     0x15a2 src/init.o
 .debug_info    0x00000000000015a2     0x1987 src/task1.o
 .debug_info    0x0000000000002f29     0x182f src/task2.o
 .debug_info    0x0000000000004758     0x17ae src/task3.o
 .debug_info    0x0000000000005f06     0x15a9 src/uart.o
 .debug_info    0x00000000000074af       0x22 startup/startup_stm32f769xx.o
 .debug_info    0x00000000000074d1      0xf12 stm32lib/Drivers/CMSIS/Device/ST/STM32F7xx/Source/Templates/system_stm32f7xx.o
 .debug_info    0x00000000000083e3     0x124f stm32lib/Drivers/STM32F7xx_HAL_Driver/Src/stm32f7xx_hal.o
 .debug_info    0x0000000000009632     0x19bf stm32lib/Drivers/STM32F7xx_HAL_Driver/Src/stm32f7xx_hal_cortex.o
 .debug_info    0x000000000000aff1      0xfd4 stm32lib/Drivers/STM32F7xx_HAL_Driver/Src/stm32f7xx_hal_gpio.o
 .debug_info    0x000000000000bfc5     0x124b stm32lib/Drivers/STM32F7xx_HAL_Driver/Src/stm32f7xx_hal_pwr_ex.o
 .debug_info    0x000000000000d210     0x157f stm32lib/Drivers/STM32F7xx_HAL_Driver/Src/stm32f7xx_hal_rcc.o
 .debug_info    0x000000000000e78f     0x3727 stm32lib/Drivers/STM32F7xx_HAL_Driver/Src/stm32f7xx_hal_tim.o
 .debug_info    0x0000000000011eb6     0x206d stm32lib/Drivers/STM32F7xx_HAL_Driver/Src/stm32f7xx_hal_uart.o

.debug_abbrev   0x0000000000000000     0x254f
 .debug_abbrev  0x0000000000000000      0x2d7 src/init.o
 .debug_abbrev  0x00000000000002d7      0x2df src/task1.o
 .debug_abbrev  0x00000000000005b6      0x2bf src/task2.o
 .debug_abbrev  0x0000000000000875      0x2c4 src/task3.o
 .debug_abbrev  0x0000000000000b39      0x2a5 src/uart.o
 .debug_abbrev  0x0000000000000dde       0x12 startup/startup_stm32f769xx.o
 .debug_abbrev  0x0000000000000df0      0x212 stm32lib/Drivers/CMSIS/Device/ST/STM32F7xx/Source/Templates/system_stm32f7xx.o
 .debug_abbrev  0x0000000000001002      0x2c9 stm32lib/Drivers/STM32F7xx_HAL_Driver/Src/stm32f7xx_hal.o
 .debug_abbrev  0x00000000000012cb      0x3d6 stm32lib/Drivers/STM32F7xx_HAL_Driver/Src/stm32f7xx_hal_cortex.o
 .debug_abbrev  0x00000000000016a1      0x2a7 stm32lib/Drivers/STM32F7xx_HAL_Driver/Src/stm32f7xx_hal_gpio.o
 .debug_abbrev  0x0000000000001948      0x2db stm32lib/Drivers/STM32F7xx_HAL_Driver/Src/stm32f7xx_hal_pwr_ex.o
 .debug_abbrev  0x0000000000001c23      0x338 stm32lib/Drivers/STM32F7xx_HAL_Driver/Src/stm32f7xx_hal_rcc.o
 .debug_abbrev  0x0000000000001f5b      0x2e0 stm32lib/Drivers/STM32F7xx_HAL_Driver/Src/stm32f7xx_hal_tim.o
 .debug_abbrev  0x000000000000223b      0x314 stm32lib/Drivers/STM32F7xx_HAL_Driver/Src/stm32f7xx_hal_uart.o

.debug_loc      0x0000000000000000     0x6424
 .debug_loc     0x0000000000000000       0xd7 src/init.o
 .debug_loc     0x00000000000000d7       0x15 src/task2.o
 .debug_loc     0x00000000000000ec       0x3a src/task3.o
 .debug_loc     0x0000000000000126      0x2f1 src/uart.o
 .debug_loc     0x0000000000000417      0x13e stm32lib/Drivers/CMSIS/Device/ST/STM32F7xx/Source/Templates/system_stm32f7xx.o
 .debug_loc     0x0000000000000555       0x6a stm32lib/Drivers/STM32F7xx_HAL_Driver/Src/stm32f7xx_hal.o
 .debug_loc     0x00000000000005bf      0x5c0 stm32lib/Drivers/STM32F7xx_HAL_Driver/Src/stm32f7xx_hal_cortex.o
 .debug_loc     0x0000000000000b7f      0x469 stm32lib/Drivers/STM32F7xx_HAL_Driver/Src/stm32f7xx_hal_gpio.o
 .debug_loc     0x0000000000000fe8      0x198 stm32lib/Drivers/STM32F7xx_HAL_Driver/Src/stm32f7xx_hal_pwr_ex.o
 .debug_loc     0x0000000000001180      0x5bd stm32lib/Drivers/STM32F7xx_HAL_Driver/Src/stm32f7xx_hal_rcc.o
 .debug_loc     0x000000000000173d     0x36d5 stm32lib/Drivers/STM32F7xx_HAL_Driver/Src/stm32f7xx_hal_tim.o
 .debug_loc     0x0000000000004e12     0x1612 stm32lib/Drivers/STM32F7xx_HAL_Driver/Src/stm32f7xx_hal_uart.o

.debug_aranges  0x0000000000000000      0x980
 .debug_aranges
                0x0000000000000000       0x38 src/init.o
 .debug_aranges
                0x0000000000000038       0x40 src/task1.o
 .debug_aranges
                0x0000000000000078       0x40 src/task2.o
 .debug_aranges
                0x00000000000000b8       0x40 src/task3.o
 .debug_aranges
                0x00000000000000f8       0x58 src/uart.o
 .debug_aranges
                0x0000000000000150       0x28 startup/startup_stm32f769xx.o
 .debug_aranges
                0x0000000000000178       0x28 stm32lib/Drivers/CMSIS/Device/ST/STM32F7xx/Source/Templates/system_stm32f7xx.o
 .debug_aranges
                0x00000000000001a0       0xe0 stm32lib/Drivers/STM32F7xx_HAL_Driver/Src/stm32f7xx_hal.o
 .debug_aranges
                0x0000000000000280       0xa8 stm32lib/Drivers/STM32F7xx_HAL_Driver/Src/stm32f7xx_hal_cortex.o
 .debug_aranges
                0x0000000000000328       0x58 stm32lib/Drivers/STM32F7xx_HAL_Driver/Src/stm32f7xx_hal_gpio.o
 .debug_aranges
                0x0000000000000380       0x80 stm32lib/Drivers/STM32F7xx_HAL_Driver/Src/stm32f7xx_hal_pwr_ex.o
 .debug_aranges
                0x0000000000000400       0x88 stm32lib/Drivers/STM32F7xx_HAL_Driver/Src/stm32f7xx_hal_rcc.o
 .debug_aranges
                0x0000000000000488      0x368 stm32lib/Drivers/STM32F7xx_HAL_Driver/Src/stm32f7xx_hal_tim.o
 .debug_aranges
                0x00000000000007f0      0x190 stm32lib/Drivers/STM32F7xx_HAL_Driver/Src/stm32f7xx_hal_uart.o

.debug_ranges   0x0000000000000000      0x908
 .debug_ranges  0x0000000000000000       0x28 src/init.o
 .debug_ranges  0x0000000000000028       0x30 src/task1.o
 .debug_ranges  0x0000000000000058       0x30 src/task2.o
 .debug_ranges  0x0000000000000088       0x30 src/task3.o
 .debug_ranges  0x00000000000000b8       0x48 src/uart.o
 .debug_ranges  0x0000000000000100       0x20 startup/startup_stm32f769xx.o
 .debug_ranges  0x0000000000000120       0x18 stm32lib/Drivers/CMSIS/Device/ST/STM32F7xx/Source/Templates/system_stm32f7xx.o
 .debug_ranges  0x0000000000000138       0xd0 stm32lib/Drivers/STM32F7xx_HAL_Driver/Src/stm32f7xx_hal.o
 .debug_ranges  0x0000000000000208       0xf8 stm32lib/Drivers/STM32F7xx_HAL_Driver/Src/stm32f7xx_hal_cortex.o
 .debug_ranges  0x0000000000000300       0x48 stm32lib/Drivers/STM32F7xx_HAL_Driver/Src/stm32f7xx_hal_gpio.o
 .debug_ranges  0x0000000000000348       0x70 stm32lib/Drivers/STM32F7xx_HAL_Driver/Src/stm32f7xx_hal_pwr_ex.o
 .debug_ranges  0x00000000000003b8       0x78 stm32lib/Drivers/STM32F7xx_HAL_Driver/Src/stm32f7xx_hal_rcc.o
 .debug_ranges  0x0000000000000430      0x358 stm32lib/Drivers/STM32F7xx_HAL_Driver/Src/stm32f7xx_hal_tim.o
 .debug_ranges  0x0000000000000788      0x180 stm32lib/Drivers/STM32F7xx_HAL_Driver/Src/stm32f7xx_hal_uart.o

.debug_macro    0x0000000000000000    0x2c2c6
 .debug_macro   0x0000000000000000      0x361 src/init.o
 .debug_macro   0x0000000000000361       0x3b src/init.o
 .debug_macro   0x000000000000039c       0x22 src/init.o
 .debug_macro   0x00000000000003be       0x87 src/init.o
 .debug_macro   0x0000000000000445       0x51 src/init.o
 .debug_macro   0x0000000000000496       0xef src/init.o
 .debug_macro   0x0000000000000585       0x6a src/init.o
 .debug_macro   0x00000000000005ef      0x1df src/init.o
 .debug_macro   0x00000000000007ce       0x35 src/init.o
 .debug_macro   0x0000000000000803       0x50 src/init.o
 .debug_macro   0x0000000000000853     0x1114 src/init.o
 .debug_macro   0x0000000000001967    0x1f9e9 src/init.o
 .debug_macro   0x0000000000021350      0x1b0 src/init.o
 .debug_macro   0x0000000000021500       0x2e src/init.o
 .debug_macro   0x000000000002152e       0x43 src/init.o
 .debug_macro   0x0000000000021571     0x35c8 src/init.o
 .debug_macro   0x0000000000024b39       0x58 src/init.o
 .debug_macro   0x0000000000024b91       0x17 src/init.o
 .debug_macro   0x0000000000024ba8       0x35 src/init.o
 .debug_macro   0x0000000000024bdd       0x9c src/init.o
 .debug_macro   0x0000000000024c79       0x16 src/init.o
 .debug_macro   0x0000000000024c8f       0x97 src/init.o
 .debug_macro   0x0000000000024d26      0x330 src/init.o
 .debug_macro   0x0000000000025056       0xfd src/init.o
 .debug_macro   0x0000000000025153       0x10 src/init.o
 .debug_macro   0x0000000000025163       0x58 src/init.o
 .debug_macro   0x00000000000251bb       0x1f src/init.o
 .debug_macro   0x00000000000251da       0x43 src/init.o
 .debug_macro   0x000000000002521d       0x20 src/init.o
 .debug_macro   0x000000000002523d      0x18e src/init.o
 .debug_macro   0x00000000000253cb       0x10 src/init.o
 .debug_macro   0x00000000000253db       0x1c src/init.o
 .debug_macro   0x00000000000253f7       0x52 src/init.o
 .debug_macro   0x0000000000025449       0x40 src/init.o
 .debug_macro   0x0000000000025489       0x10 src/init.o
 .debug_macro   0x0000000000025499       0x40 src/init.o
 .debug_macro   0x00000000000254d9       0xd7 src/init.o
 .debug_macro   0x00000000000255b0       0x1c src/init.o
 .debug_macro   0x00000000000255cc       0x3d src/init.o
 .debug_macro   0x0000000000025609       0x16 src/init.o
 .debug_macro   0x000000000002561f      0x16f src/init.o
 .debug_macro   0x000000000002578e       0x57 src/init.o
 .debug_macro   0x00000000000257e5     0x1b3f src/init.o
 .debug_macro   0x0000000000027324      0x6a2 src/init.o
 .debug_macro   0x00000000000279c6      0x11e src/init.o
 .debug_macro   0x0000000000027ae4      0x27e src/init.o
 .debug_macro   0x0000000000027d62       0x27 src/init.o
 .debug_macro   0x0000000000027d89      0x24f src/init.o
 .debug_macro   0x0000000000027fd8       0x71 src/init.o
 .debug_macro   0x0000000000028049       0x58 src/init.o
 .debug_macro   0x00000000000280a1      0x23a src/init.o
 .debug_macro   0x00000000000282db      0x156 src/init.o
 .debug_macro   0x0000000000028431      0x3de src/init.o
 .debug_macro   0x000000000002880f       0x12 src/init.o
 .debug_macro   0x0000000000028821      0x133 src/init.o
 .debug_macro   0x0000000000028954      0x10c src/init.o
 .debug_macro   0x0000000000028a60       0x35 src/init.o
 .debug_macro   0x0000000000028a95      0x685 src/init.o
 .debug_macro   0x000000000002911a      0x295 src/init.o
 .debug_macro   0x00000000000293af      0x13f src/init.o
 .debug_macro   0x00000000000294ee      0x4e8 src/init.o
 .debug_macro   0x00000000000299d6       0x47 src/init.o
 .debug_macro   0x0000000000029a1d      0x158 src/init.o
 .debug_macro   0x0000000000029b75       0x16 src/init.o
 .debug_macro   0x0000000000029b8b       0x35 src/init.o
 .debug_macro   0x0000000000029bc0       0x4c src/init.o
 .debug_macro   0x0000000000029c0c      0x361 src/task1.o
 .debug_macro   0x0000000000029f6d      0x361 src/task2.o
 .debug_macro   0x000000000002a2ce      0x361 src/task3.o
 .debug_macro   0x000000000002a62f      0x357 src/uart.o
 .debug_macro   0x000000000002a986      0x30c stm32lib/Drivers/CMSIS/Device/ST/STM32F7xx/Source/Templates/system_stm32f7xx.o
 .debug_macro   0x000000000002ac92      0x339 stm32lib/Drivers/STM32F7xx_HAL_Driver/Src/stm32f7xx_hal.o
 .debug_macro   0x000000000002afcb      0x315 stm32lib/Drivers/STM32F7xx_HAL_Driver/Src/stm32f7xx_hal_cortex.o
 .debug_macro   0x000000000002b2e0      0x34d stm32lib/Drivers/STM32F7xx_HAL_Driver/Src/stm32f7xx_hal_gpio.o
 .debug_macro   0x000000000002b62d      0x32d stm32lib/Drivers/STM32F7xx_HAL_Driver/Src/stm32f7xx_hal_pwr_ex.o
 .debug_macro   0x000000000002b95a      0x339 stm32lib/Drivers/STM32F7xx_HAL_Driver/Src/stm32f7xx_hal_rcc.o
 .debug_macro   0x000000000002bc93      0x316 stm32lib/Drivers/STM32F7xx_HAL_Driver/Src/stm32f7xx_hal_tim.o
 .debug_macro   0x000000000002bfa9      0x31d stm32lib/Drivers/STM32F7xx_HAL_Driver/Src/stm32f7xx_hal_uart.o

.debug_line     0x0000000000000000     0x956a
 .debug_line    0x0000000000000000      0x925 src/init.o
 .debug_line    0x0000000000000925      0x926 src/task1.o
 .debug_line    0x000000000000124b      0x90e src/task2.o
 .debug_line    0x0000000000001b59      0x8d7 src/task3.o
 .debug_line    0x0000000000002430      0x92e src/uart.o
 .debug_line    0x0000000000002d5e       0x7f startup/startup_stm32f769xx.o
 .debug_line    0x0000000000002ddd      0x8bf stm32lib/Drivers/CMSIS/Device/ST/STM32F7xx/Source/Templates/system_stm32f7xx.o
 .debug_line    0x000000000000369c      0xa4c stm32lib/Drivers/STM32F7xx_HAL_Driver/Src/stm32f7xx_hal.o
 .debug_line    0x00000000000040e8      0xab9 stm32lib/Drivers/STM32F7xx_HAL_Driver/Src/stm32f7xx_hal_cortex.o
 .debug_line    0x0000000000004ba1      0xa09 stm32lib/Drivers/STM32F7xx_HAL_Driver/Src/stm32f7xx_hal_gpio.o
 .debug_line    0x00000000000055aa      0x9c6 stm32lib/Drivers/STM32F7xx_HAL_Driver/Src/stm32f7xx_hal_pwr_ex.o
 .debug_line    0x0000000000005f70      0xba5 stm32lib/Drivers/STM32F7xx_HAL_Driver/Src/stm32f7xx_hal_rcc.o
 .debug_line    0x0000000000006b15     0x1820 stm32lib/Drivers/STM32F7xx_HAL_Driver/Src/stm32f7xx_hal_tim.o
 .debug_line    0x0000000000008335     0x1235 stm32lib/Drivers/STM32F7xx_HAL_Driver/Src/stm32f7xx_hal_uart.o

.debug_str      0x0000000000000000   0x10aedc
 .debug_str     0x0000000000000000   0x108223 src/init.o
                                     0x1085b4 (size before relaxing)
 .debug_str     0x0000000000108223      0x8d8 src/task1.o
                                     0x108b6d (size before relaxing)
 .debug_str     0x0000000000108afb       0x4c src/task2.o
                                     0x108afd (size before relaxing)
 .debug_str     0x0000000000108b47      0x23d src/task3.o
                                     0x108c82 (size before relaxing)
 .debug_str     0x0000000000108d84       0xcc src/uart.o
                                     0x108489 (size before relaxing)
 .debug_str     0x0000000000108e50       0x30 startup/startup_stm32f769xx.o
                                         0x64 (size before relaxing)
 .debug_str     0x0000000000108e80       0xbc stm32lib/Drivers/CMSIS/Device/ST/STM32F7xx/Source/Templates/system_stm32f7xx.o
                                     0x106d76 (size before relaxing)
 .debug_str     0x0000000000108f3c      0x397 stm32lib/Drivers/STM32F7xx_HAL_Driver/Src/stm32f7xx_hal.o
                                     0x108882 (size before relaxing)
 .debug_str     0x00000000001092d3      0x31d stm32lib/Drivers/STM32F7xx_HAL_Driver/Src/stm32f7xx_hal_cortex.o
                                     0x1088df (size before relaxing)
 .debug_str     0x00000000001095f0      0x21e stm32lib/Drivers/STM32F7xx_HAL_Driver/Src/stm32f7xx_hal_gpio.o
                                     0x1080c7 (size before relaxing)
 .debug_str     0x000000000010980e      0x215 stm32lib/Drivers/STM32F7xx_HAL_Driver/Src/stm32f7xx_hal_pwr_ex.o
                                     0x108183 (size before relaxing)
 .debug_str     0x0000000000109a23      0x242 stm32lib/Drivers/STM32F7xx_HAL_Driver/Src/stm32f7xx_hal_rcc.o
                                     0x10822d (size before relaxing)
 .debug_str     0x0000000000109c65      0xcbc stm32lib/Drivers/STM32F7xx_HAL_Driver/Src/stm32f7xx_hal_tim.o
                                     0x108e74 (size before relaxing)
 .debug_str     0x000000000010a921      0x5bb stm32lib/Drivers/STM32F7xx_HAL_Driver/Src/stm32f7xx_hal_uart.o
                                     0x108935 (size before relaxing)

.comment        0x0000000000000000       0x7e
 .comment       0x0000000000000000       0x7e src/init.o
                                         0x7f (size before relaxing)
 .comment       0x000000000000007e       0x7f src/task1.o
 .comment       0x000000000000007e       0x7f src/task2.o
 .comment       0x000000000000007e       0x7f src/task3.o
 .comment       0x000000000000007e       0x7f src/uart.o
 .comment       0x000000000000007e       0x7f stm32lib/Drivers/CMSIS/Device/ST/STM32F7xx/Source/Templates/system_stm32f7xx.o
 .comment       0x000000000000007e       0x7f stm32lib/Drivers/STM32F7xx_HAL_Driver/Src/stm32f7xx_hal.o
 .comment       0x000000000000007e       0x7f stm32lib/Drivers/STM32F7xx_HAL_Driver/Src/stm32f7xx_hal_cortex.o
 .comment       0x000000000000007e       0x7f stm32lib/Drivers/STM32F7xx_HAL_Driver/Src/stm32f7xx_hal_gpio.o
 .comment       0x000000000000007e       0x7f stm32lib/Drivers/STM32F7xx_HAL_Driver/Src/stm32f7xx_hal_pwr_ex.o
 .comment       0x000000000000007e       0x7f stm32lib/Drivers/STM32F7xx_HAL_Driver/Src/stm32f7xx_hal_rcc.o
 .comment       0x000000000000007e       0x7f stm32lib/Drivers/STM32F7xx_HAL_Driver/Src/stm32f7xx_hal_tim.o
 .comment       0x000000000000007e       0x7f stm32lib/Drivers/STM32F7xx_HAL_Driver/Src/stm32f7xx_hal_uart.o

.debug_frame    0x0000000000000000     0x1f78
 .debug_frame   0x0000000000000000       0x78 src/init.o
 .debug_frame   0x0000000000000078       0x80 src/task1.o
 .debug_frame   0x00000000000000f8       0x68 src/task2.o
 .debug_frame   0x0000000000000160       0x78 src/task3.o
 .debug_frame   0x00000000000001d8       0xf4 src/uart.o
 .debug_frame   0x00000000000002cc       0x3c stm32lib/Drivers/CMSIS/Device/ST/STM32F7xx/Source/Templates/system_stm32f7xx.o
 .debug_frame   0x0000000000000308      0x1c8 stm32lib/Drivers/STM32F7xx_HAL_Driver/Src/stm32f7xx_hal.o
 .debug_frame   0x00000000000004d0      0x15c stm32lib/Drivers/STM32F7xx_HAL_Driver/Src/stm32f7xx_hal_cortex.o
 .debug_frame   0x000000000000062c       0xd8 stm32lib/Drivers/STM32F7xx_HAL_Driver/Src/stm32f7xx_hal_gpio.o
 .debug_frame   0x0000000000000704      0x134 stm32lib/Drivers/STM32F7xx_HAL_Driver/Src/stm32f7xx_hal_pwr_ex.o
 .debug_frame   0x0000000000000838      0x140 stm32lib/Drivers/STM32F7xx_HAL_Driver/Src/stm32f7xx_hal_rcc.o
 .debug_frame   0x0000000000000978      0x9f4 stm32lib/Drivers/STM32F7xx_HAL_Driver/Src/stm32f7xx_hal_tim.o
 .debug_frame   0x000000000000136c      0x458 stm32lib/Drivers/STM32F7xx_HAL_Driver/Src/stm32f7xx_hal_uart.o
 .debug_frame   0x00000000000017c4       0x68 /Users/Qianqian/Applications/SystemWorkbench.app/Contents/Eclipse/plugins/fr.ac6.mcu.externaltools.arm-none.macos64_1.16.0.201807130628/tools/compiler/bin/../lib/gcc/arm-none-eabi/7.2.1/../../../../arm-none-eabi/lib/thumb/v7e-m/fpv5/hard/libc_nano.a(lib_a-fflush.o)
 .debug_frame   0x000000000000182c      0x11c /Users/Qianqian/Applications/SystemWorkbench.app/Contents/Eclipse/plugins/fr.ac6.mcu.externaltools.arm-none.macos64_1.16.0.201807130628/tools/compiler/bin/../lib/gcc/arm-none-eabi/7.2.1/../../../../arm-none-eabi/lib/thumb/v7e-m/fpv5/hard/libc_nano.a(lib_a-findfp.o)
 .debug_frame   0x0000000000001948       0x54 /Users/Qianqian/Applications/SystemWorkbench.app/Contents/Eclipse/plugins/fr.ac6.mcu.externaltools.arm-none.macos64_1.16.0.201807130628/tools/compiler/bin/../lib/gcc/arm-none-eabi/7.2.1/../../../../arm-none-eabi/lib/thumb/v7e-m/fpv5/hard/libc_nano.a(lib_a-fwalk.o)
 .debug_frame   0x000000000000199c       0x2c /Users/Qianqian/Applications/SystemWorkbench.app/Contents/Eclipse/plugins/fr.ac6.mcu.externaltools.arm-none.macos64_1.16.0.201807130628/tools/compiler/bin/../lib/gcc/arm-none-eabi/7.2.1/../../../../arm-none-eabi/lib/thumb/v7e-m/fpv5/hard/libc_nano.a(lib_a-init.o)
 .debug_frame   0x00000000000019c8       0x20 /Users/Qianqian/Applications/SystemWorkbench.app/Contents/Eclipse/plugins/fr.ac6.mcu.externaltools.arm-none.macos64_1.16.0.201807130628/tools/compiler/bin/../lib/gcc/arm-none-eabi/7.2.1/../../../../arm-none-eabi/lib/thumb/v7e-m/fpv5/hard/libc_nano.a(lib_a-memset.o)
 .debug_frame   0x00000000000019e8       0x38 /Users/Qianqian/Applications/SystemWorkbench.app/Contents/Eclipse/plugins/fr.ac6.mcu.externaltools.arm-none.macos64_1.16.0.201807130628/tools/compiler/bin/../lib/gcc/arm-none-eabi/7.2.1/../../../../arm-none-eabi/lib/thumb/v7e-m/fpv5/hard/libc_nano.a(lib_a-nano-freer.o)
 .debug_frame   0x0000000000001a20       0x2c /Users/Qianqian/Applications/SystemWorkbench.app/Contents/Eclipse/plugins/fr.ac6.mcu.externaltools.arm-none.macos64_1.16.0.201807130628/tools/compiler/bin/../lib/gcc/arm-none-eabi/7.2.1/../../../../arm-none-eabi/lib/thumb/v7e-m/fpv5/hard/libc_nano.a(lib_a-nano-mallocr.o)
 .debug_frame   0x0000000000001a4c       0x74 /Users/Qianqian/Applications/SystemWorkbench.app/Contents/Eclipse/plugins/fr.ac6.mcu.externaltools.arm-none.macos64_1.16.0.201807130628/tools/compiler/bin/../lib/gcc/arm-none-eabi/7.2.1/../../../../arm-none-eabi/lib/thumb/v7e-m/fpv5/hard/libc_nano.a(lib_a-printf.o)
 .debug_frame   0x0000000000001ac0       0x2c /Users/Qianqian/Applications/SystemWorkbench.app/Contents/Eclipse/plugins/fr.ac6.mcu.externaltools.arm-none.macos64_1.16.0.201807130628/tools/compiler/bin/../lib/gcc/arm-none-eabi/7.2.1/../../../../arm-none-eabi/lib/thumb/v7e-m/fpv5/hard/libc_nano.a(lib_a-sbrkr.o)
 .debug_frame   0x0000000000001aec       0x88 /Users/Qianqian/Applications/SystemWorkbench.app/Contents/Eclipse/plugins/fr.ac6.mcu.externaltools.arm-none.macos64_1.16.0.201807130628/tools/compiler/bin/../lib/gcc/arm-none-eabi/7.2.1/../../../../arm-none-eabi/lib/thumb/v7e-m/fpv5/hard/libc_nano.a(lib_a-stdio.o)
 .debug_frame   0x0000000000001b74       0x2c /Users/Qianqian/Applications/SystemWorkbench.app/Contents/Eclipse/plugins/fr.ac6.mcu.externaltools.arm-none.macos64_1.16.0.201807130628/tools/compiler/bin/../lib/gcc/arm-none-eabi/7.2.1/../../../../arm-none-eabi/lib/thumb/v7e-m/fpv5/hard/libc_nano.a(lib_a-writer.o)
 .debug_frame   0x0000000000001ba0       0x2c /Users/Qianqian/Applications/SystemWorkbench.app/Contents/Eclipse/plugins/fr.ac6.mcu.externaltools.arm-none.macos64_1.16.0.201807130628/tools/compiler/bin/../lib/gcc/arm-none-eabi/7.2.1/../../../../arm-none-eabi/lib/thumb/v7e-m/fpv5/hard/libc_nano.a(lib_a-closer.o)
 .debug_frame   0x0000000000001bcc       0x2c /Users/Qianqian/Applications/SystemWorkbench.app/Contents/Eclipse/plugins/fr.ac6.mcu.externaltools.arm-none.macos64_1.16.0.201807130628/tools/compiler/bin/../lib/gcc/arm-none-eabi/7.2.1/../../../../arm-none-eabi/lib/thumb/v7e-m/fpv5/hard/libc_nano.a(lib_a-lseekr.o)
 .debug_frame   0x0000000000001bf8       0x30 /Users/Qianqian/Applications/SystemWorkbench.app/Contents/Eclipse/plugins/fr.ac6.mcu.externaltools.arm-none.macos64_1.16.0.201807130628/tools/compiler/bin/../lib/gcc/arm-none-eabi/7.2.1/../../../../arm-none-eabi/lib/thumb/v7e-m/fpv5/hard/libc_nano.a(lib_a-mlock.o)
 .debug_frame   0x0000000000001c28       0xac /Users/Qianqian/Applications/SystemWorkbench.app/Contents/Eclipse/plugins/fr.ac6.mcu.externaltools.arm-none.macos64_1.16.0.201807130628/tools/compiler/bin/../lib/gcc/arm-none-eabi/7.2.1/../../../../arm-none-eabi/lib/thumb/v7e-m/fpv5/hard/libc_nano.a(lib_a-nano-vfprintf.o)
 .debug_frame   0x0000000000001cd4       0x60 /Users/Qianqian/Applications/SystemWorkbench.app/Contents/Eclipse/plugins/fr.ac6.mcu.externaltools.arm-none.macos64_1.16.0.201807130628/tools/compiler/bin/../lib/gcc/arm-none-eabi/7.2.1/../../../../arm-none-eabi/lib/thumb/v7e-m/fpv5/hard/libc_nano.a(lib_a-nano-vfprintf_i.o)
 .debug_frame   0x0000000000001d34       0x2c /Users/Qianqian/Applications/SystemWorkbench.app/Contents/Eclipse/plugins/fr.ac6.mcu.externaltools.arm-none.macos64_1.16.0.201807130628/tools/compiler/bin/../lib/gcc/arm-none-eabi/7.2.1/../../../../arm-none-eabi/lib/thumb/v7e-m/fpv5/hard/libc_nano.a(lib_a-readr.o)
 .debug_frame   0x0000000000001d60       0x5c /Users/Qianqian/Applications/SystemWorkbench.app/Contents/Eclipse/plugins/fr.ac6.mcu.externaltools.arm-none.macos64_1.16.0.201807130628/tools/compiler/bin/../lib/gcc/arm-none-eabi/7.2.1/../../../../arm-none-eabi/lib/thumb/v7e-m/fpv5/hard/libc_nano.a(lib_a-reent.o)
 .debug_frame   0x0000000000001dbc       0x40 /Users/Qianqian/Applications/SystemWorkbench.app/Contents/Eclipse/plugins/fr.ac6.mcu.externaltools.arm-none.macos64_1.16.0.201807130628/tools/compiler/bin/../lib/gcc/arm-none-eabi/7.2.1/../../../../arm-none-eabi/lib/thumb/v7e-m/fpv5/hard/libc_nano.a(lib_a-wbuf.o)
 .debug_frame   0x0000000000001dfc       0x2c /Users/Qianqian/Applications/SystemWorkbench.app/Contents/Eclipse/plugins/fr.ac6.mcu.externaltools.arm-none.macos64_1.16.0.201807130628/tools/compiler/bin/../lib/gcc/arm-none-eabi/7.2.1/../../../../arm-none-eabi/lib/thumb/v7e-m/fpv5/hard/libc_nano.a(lib_a-wsetup.o)
 .debug_frame   0x0000000000001e28       0x58 /Users/Qianqian/Applications/SystemWorkbench.app/Contents/Eclipse/plugins/fr.ac6.mcu.externaltools.arm-none.macos64_1.16.0.201807130628/tools/compiler/bin/../lib/gcc/arm-none-eabi/7.2.1/../../../../arm-none-eabi/lib/thumb/v7e-m/fpv5/hard/libc_nano.a(lib_a-makebuf.o)
 .debug_frame   0x0000000000001e80       0x2c /Users/Qianqian/Applications/SystemWorkbench.app/Contents/Eclipse/plugins/fr.ac6.mcu.externaltools.arm-none.macos64_1.16.0.201807130628/tools/compiler/bin/../lib/gcc/arm-none-eabi/7.2.1/../../../../arm-none-eabi/lib/thumb/v7e-m/fpv5/hard/libc_nano.a(lib_a-fstatr.o)
 .debug_frame   0x0000000000001eac       0x2c /Users/Qianqian/Applications/SystemWorkbench.app/Contents/Eclipse/plugins/fr.ac6.mcu.externaltools.arm-none.macos64_1.16.0.201807130628/tools/compiler/bin/../lib/gcc/arm-none-eabi/7.2.1/../../../../arm-none-eabi/lib/thumb/v7e-m/fpv5/hard/libc_nano.a(lib_a-isattyr.o)
 .debug_frame   0x0000000000001ed8       0x20 /Users/Qianqian/Applications/SystemWorkbench.app/Contents/Eclipse/plugins/fr.ac6.mcu.externaltools.arm-none.macos64_1.16.0.201807130628/tools/compiler/bin/../lib/gcc/arm-none-eabi/7.2.1/../../../../arm-none-eabi/lib/thumb/v7e-m/fpv5/hard/libnosys.a(close.o)
 .debug_frame   0x0000000000001ef8       0x20 /Users/Qianqian/Applications/SystemWorkbench.app/Contents/Eclipse/plugins/fr.ac6.mcu.externaltools.arm-none.macos64_1.16.0.201807130628/tools/compiler/bin/../lib/gcc/arm-none-eabi/7.2.1/../../../../arm-none-eabi/lib/thumb/v7e-m/fpv5/hard/libnosys.a(fstat.o)
 .debug_frame   0x0000000000001f18       0x20 /Users/Qianqian/Applications/SystemWorkbench.app/Contents/Eclipse/plugins/fr.ac6.mcu.externaltools.arm-none.macos64_1.16.0.201807130628/tools/compiler/bin/../lib/gcc/arm-none-eabi/7.2.1/../../../../arm-none-eabi/lib/thumb/v7e-m/fpv5/hard/libnosys.a(isatty.o)
 .debug_frame   0x0000000000001f38       0x20 /Users/Qianqian/Applications/SystemWorkbench.app/Contents/Eclipse/plugins/fr.ac6.mcu.externaltools.arm-none.macos64_1.16.0.201807130628/tools/compiler/bin/../lib/gcc/arm-none-eabi/7.2.1/../../../../arm-none-eabi/lib/thumb/v7e-m/fpv5/hard/libnosys.a(lseek.o)
 .debug_frame   0x0000000000001f58       0x20 /Users/Qianqian/Applications/SystemWorkbench.app/Contents/Eclipse/plugins/fr.ac6.mcu.externaltools.arm-none.macos64_1.16.0.201807130628/tools/compiler/bin/../lib/gcc/arm-none-eabi/7.2.1/../../../../arm-none-eabi/lib/thumb/v7e-m/fpv5/hard/libnosys.a(sbrk.o)

.stab           0x0000000000000000       0x6c
 .stab          0x0000000000000000       0x24 /Users/Qianqian/Applications/SystemWorkbench.app/Contents/Eclipse/plugins/fr.ac6.mcu.externaltools.arm-none.macos64_1.16.0.201807130628/tools/compiler/bin/../lib/gcc/arm-none-eabi/7.2.1/../../../../arm-none-eabi/lib/thumb/v7e-m/fpv5/hard/libnosys.a(close.o)
 .stab          0x0000000000000024       0x18 /Users/Qianqian/Applications/SystemWorkbench.app/Contents/Eclipse/plugins/fr.ac6.mcu.externaltools.arm-none.macos64_1.16.0.201807130628/tools/compiler/bin/../lib/gcc/arm-none-eabi/7.2.1/../../../../arm-none-eabi/lib/thumb/v7e-m/fpv5/hard/libnosys.a(fstat.o)
                                         0x24 (size before relaxing)
 .stab          0x000000000000003c       0x18 /Users/Qianqian/Applications/SystemWorkbench.app/Contents/Eclipse/plugins/fr.ac6.mcu.externaltools.arm-none.macos64_1.16.0.201807130628/tools/compiler/bin/../lib/gcc/arm-none-eabi/7.2.1/../../../../arm-none-eabi/lib/thumb/v7e-m/fpv5/hard/libnosys.a(isatty.o)
                                         0x24 (size before relaxing)
 .stab          0x0000000000000054       0x18 /Users/Qianqian/Applications/SystemWorkbench.app/Contents/Eclipse/plugins/fr.ac6.mcu.externaltools.arm-none.macos64_1.16.0.201807130628/tools/compiler/bin/../lib/gcc/arm-none-eabi/7.2.1/../../../../arm-none-eabi/lib/thumb/v7e-m/fpv5/hard/libnosys.a(lseek.o)
                                         0x24 (size before relaxing)

.stabstr        0x0000000000000000       0xe3
 .stabstr       0x0000000000000000       0xe3 /Users/Qianqian/Applications/SystemWorkbench.app/Contents/Eclipse/plugins/fr.ac6.mcu.externaltools.arm-none.macos64_1.16.0.201807130628/tools/compiler/bin/../lib/gcc/arm-none-eabi/7.2.1/../../../../arm-none-eabi/lib/thumb/v7e-m/fpv5/hard/libnosys.a(close.o)